<html>
<body>
<pre>
<h1>µVision Build Log</h1>
<h2>Tool Versions:</h2>
IDE-Version: µVision V5.39.0.0
Copyright (C) 2023 ARM Ltd and ARM Germany GmbH. All rights reserved.
License Information: Fabian Barrera, Universidad Militar Nueva Granada, LIC=----
 
Tool Versions:
Toolchain:       MDK-Lite  Version: 5.39.0.0
Toolchain Path:  C:\Keil_v5\ARM\ARMCLANG\Bin
C Compiler:      ArmClang.exe V6.21
Assembler:       Armasm.exe V6.21
Linker/Locator:  ArmLink.exe V6.21
Library Manager: ArmAr.exe V6.21
Hex Converter:   FromElf.exe V6.21
CPU DLL:         SARMCM3.DLL V5.39.0.0
Dialog DLL:      DCM.DLL V1.17.5.0
Target DLL:      STLink\ST-LINKIII-KEIL_SWO.dll V3.2.0.0
Dialog DLL:      TCM.DLL V1.56.4.0
 
<h2>Project:</h2>
G:\Meu Drive\UMNG\SedeCampus\2024_1\Mecatronica\Laboratorio_Microcontroladores\Aula2\Ejemplo1\HolaMundo.uvprojx
Project File Date:  01/26/2024

<h2>Output:</h2>
*** Using Compiler 'V6.21', folder: 'C:\Keil_v5\ARM\ARMCLANG\Bin'
Rebuild target 'Target 1'
assembling startup_stm32f303x8.s...
RTE/Device/STM32F303K8Tx/system_stm32f3xx.c(70): warning: In file included from...
C:/Users/LENOVO/AppData/Local/Arm/Packs/Keil/STM32F3xx_DFP/2.2.2/Drivers/CMSIS/Device/ST/STM32F3xx/Include\stm32f3xx.h(11): warning: invalid UTF-8 in comment [-Winvalid-utf8]
   11 |   *              - To use or not the peripheral<92>s drivers in application code(i.e. 
      |                                                ^
C:/Users/LENOVO/AppData/Local/Arm/Packs/Keil/STM32F3xx_DFP/2.2.2/Drivers/CMSIS/Device/ST/STM32F3xx/Include\stm32f3xx.h(12): warning: invalid UTF-8 in comment [-Winvalid-utf8]
   12 |   *                code will be based on direct access to peripheral<92>s registers 
      |                                                                     ^
RTE/Device/STM32F303K8Tx/system_stm32f3xx.c(273): warning: unsafe buffer access [-Wunsafe-buffer-usage]
  273 |   tmp = AHBPrescTable[((RCC->CFGR & RCC_CFGR_HPRE) >> 4)];
      |         ^~~~~~~~~~~~~
3 warnings generated.
compiling system_stm32f3xx.c...
main.cpp(2): warning: invalid UTF-8 in comment [-Winvalid-utf8]
    2 | //Fabi<E1>n Barrera Prieto
      |       ^
main.cpp(8): warning: In file included from...
C:/Users/LENOVO/AppData/Local/Arm/Packs/Keil/STM32F3xx_DFP/2.2.2/Drivers/CMSIS/Device/ST/STM32F3xx/Include\stm32f3xx.h(11): warning: invalid UTF-8 in comment [-Winvalid-utf8]
   11 |   *              - To use or not the peripheral<92>s drivers in application code(i.e. 
      |                                                ^
C:/Users/LENOVO/AppData/Local/Arm/Packs/Keil/STM32F3xx_DFP/2.2.2/Drivers/CMSIS/Device/ST/STM32F3xx/Include\stm32f3xx.h(12): warning: invalid UTF-8 in comment [-Winvalid-utf8]
   12 |   *                code will be based on direct access to peripheral<92>s registers 
      |                                                                     ^
main.cpp(8): warning: In file included from...
C:/Users/LENOVO/AppData/Local/Arm/Packs/Keil/STM32F3xx_DFP/2.2.2/Drivers/CMSIS/Device/ST/STM32F3xx/Include\stm32f3xx.h(134): warning: In file included from...
C:/Users/LENOVO/AppData/Local/Arm/Packs/Keil/STM32F3xx_DFP/2.2.2/Drivers/CMSIS/Device/ST/STM32F3xx/Include/stm32f303x8.h(121): warning: commas at the end of enumerator lists are incompatible with C++98 [-Wc++98-compat-pedantic]
  121 |   FPU_IRQn                    = 81,      /*!< Floating point Interrupt                                          */
      |                                   ^
main.cpp(10): warning: no previous prototype for function 'Delay' [-Wmissing-prototypes]
   10 | void Delay (uint32_t time)
      |      ^
main.cpp(10): note: declare 'static' if the function is not intended to be used outside of this translation unit
   10 | void Delay (uint32_t time)
      | ^
      | static 
main.cpp(13): warning: comparison of integers of different signs: 'int' and 'uint32_t' (aka 'unsigned int') [-Wsign-compare]
   13 |         for (int t=0;t<time;t++);
      |                      ~^~~~~
main.cpp(26): warning: use of old-style cast [-Wold-style-cast]
   26 |         RCC->AHBENR |= (1<<18);  // Enable the GPIOB clock (user led LD3 is connected to PB_3)
      |         ^~~
C:/Users/LENOVO/AppData/Local/Arm/Packs/Keil/STM32F3xx_DFP/2.2.2/Drivers/CMSIS/Device/ST/STM32F3xx/Include/stm32f303x8.h(760): note: expanded from macro 'RCC'
  760 | #define RCC                 ((RCC_TypeDef *) RCC_BASE)
      |                              ^               ~~~~~~~~
main.cpp(28): warning: use of old-style cast [-Wold-style-cast]
   28 |         GPIOB->MODER &= ~(0b11<<6); //clear (00) pin PB_3(bits 7:6)  
      |         ^~~~~
C:/Users/LENOVO/AppData/Local/Arm/Packs/Keil/STM32F3xx_DFP/2.2.2/Drivers/CMSIS/Device/ST/STM32F3xx/Include/stm32f303x8.h(766): note: expanded from macro 'GPIOB'
  766 | #define GPIOB               ((GPIO_TypeDef *) GPIOB_BASE)
      |                              ^                ~~~~~~~~~~
main.cpp(28): warning: binary integer literals are a C++14 extension [-Wc++14-binary-literal]
   28 |         GPIOB->MODER &= ~(0b11<<6); //clear (00) pin PB_3(bits 7:6)  
      |                           ^
main.cpp(28): warning: implicit conversion changes signedness: 'int' to 'uint32_t' (aka 'unsigned int') [-Wsign-conversion]
   28 |         GPIOB->MODER &= ~(0b11<<6); //clear (00) pin PB_3(bits 7:6)  
      |                      ~~ ^~~~~~~~~~
main.cpp(29): warning: use of old-style cast [-Wold-style-cast]
   29 |         GPIOB->MODER |= (1<<6); //pin PB_3(bits 7:6) as Output (01)
      |         ^~~~~
C:/Users/LENOVO/AppData/Local/Arm/Packs/Keil/STM32F3xx_DFP/2.2.2/Drivers/CMSIS/Device/ST/STM32F3xx/Include/stm32f303x8.h(766): note: expanded from macro 'GPIOB'
  766 | #define GPIOB               ((GPIO_TypeDef *) GPIOB_BASE)
      |                              ^                ~~~~~~~~~~
main.cpp(31): warning: use of old-style cast [-Wold-style-cast]
   31 |         GPIOB->OTYPER &= ~(1<<3);  // bit 3=0 --> Output push pull (HIGH or LOW)
      |         ^~~~~
C:/Users/LENOVO/AppData/Local/Arm/Packs/Keil/STM32F3xx_DFP/2.2.2/Drivers/CMSIS/Device/ST/STM32F3xx/Include/stm32f303x8.h(766): note: expanded from macro 'GPIOB'
  766 | #define GPIOB               ((GPIO_TypeDef *) GPIOB_BASE)
      |                              ^                ~~~~~~~~~~
main.cpp(31): warning: implicit conversion changes signedness: 'int' to 'uint32_t' (aka 'unsigned int') [-Wsign-conversion]
   31 |         GPIOB->OTYPER &= ~(1<<3);  // bit 3=0 --> Output push pull (HIGH or LOW)
      |                       ~~ ^~~~~~~
main.cpp(32): warning: use of old-style cast [-Wold-style-cast]
   32 |         GPIOB->OSPEEDR |= ((1<<7)|(1<<6));//(0b11<<26)  // Pin PB_3 (bits 7:6) as High Speed (11)
      |         ^~~~~
C:/Users/LENOVO/AppData/Local/Arm/Packs/Keil/STM32F3xx_DFP/2.2.2/Drivers/CMSIS/Device/ST/STM32F3xx/Include/stm32f303x8.h(766): note: expanded from macro 'GPIOB'
  766 | #define GPIOB               ((GPIO_TypeDef *) GPIOB_BASE)
      |                              ^                ~~~~~~~~~~
main.cpp(33): warning: use of old-style cast [-Wold-style-cast]
   33 |         GPIOB->PUPDR &= ~((1<<7)|(1<<6)); //~(0b11<<26) // Pin PB_3 (bits 7:6) are 0:0 --> no pull up or pull down
      |         ^~~~~
C:/Users/LENOVO/AppData/Local/Arm/Packs/Keil/STM32F3xx_DFP/2.2.2/Drivers/CMSIS/Device/ST/STM32F3xx/Include/stm32f303x8.h(766): note: expanded from macro 'GPIOB'
  766 | #define GPIOB               ((GPIO_TypeDef *) GPIOB_BASE)
      |                              ^                ~~~~~~~~~~
main.cpp(33): warning: implicit conversion changes signedness: 'int' to 'uint32_t' (aka 'unsigned int') [-Wsign-conversion]
   33 |         GPIOB->PUPDR &= ~((1<<7)|(1<<6)); //~(0b11<<26) // Pin PB_3 (bits 7:6) are 0:0 --> no pull up or pull down
      |                      ~~ ^~~~~~~~~~~~~~~~
main.cpp(37): warning: use of old-style cast [-Wold-style-cast]
   37 |                 GPIOB->ODR |= 1<<3; // Set the Pin PB_3
      |                 ^~~~~
C:/Users/LENOVO/AppData/Local/Arm/Packs/Keil/STM32F3xx_DFP/2.2.2/Drivers/CMSIS/Device/ST/STM32F3xx/Include/stm32f303x8.h(766): note: expanded from macro 'GPIOB'
  766 | #define GPIOB               ((GPIO_TypeDef *) GPIOB_BASE)
      |                              ^                ~~~~~~~~~~
main.cpp(40): warning: use of old-style cast [-Wold-style-cast]
   40 |                 GPIOB->ODR &= ~(1<<3); // Reset the Pin PB_3
      |                 ^~~~~
C:/Users/LENOVO/AppData/Local/Arm/Packs/Keil/STM32F3xx_DFP/2.2.2/Drivers/CMSIS/Device/ST/STM32F3xx/Include/stm32f303x8.h(766): note: expanded from macro 'GPIOB'
  766 | #define GPIOB               ((GPIO_TypeDef *) GPIOB_BASE)
      |                              ^                ~~~~~~~~~~
main.cpp(40): warning: implicit conversion changes signedness: 'int' to 'uint32_t' (aka 'unsigned int') [-Wsign-conversion]
   40 |                 GPIOB->ODR &= ~(1<<3); // Reset the Pin PB_3
      |                            ~~ ^~~~~~~
19 warnings generated.
compiling main.cpp...
linking...
Program Size: Code=596 RO-data=408 RW-data=0 ZI-data=1632  
FromELF: creating hex file...
".\Objects\HolaMundo.axf" - 0 Error(s), 22 Warning(s).

<h2>Software Packages used:</h2>

Package Vendor: ARM
                https://www.keil.com/pack/ARM.CMSIS.6.0.0.pack
                ARM::CMSIS@6.0.0
                CMSIS (Common Microcontroller Software Interface Standard)
   * Component: CORE Version: 6.0.0

Package Vendor: Keil
                http://www.keil.com/pack/Keil.STM32F3xx_DFP.2.2.2.pack
                Keil::STM32F3xx_DFP@2.2.2
                STMicroelectronics STM32F3 Series Device Support and Examples
   * Component: Startup Version: 1.11.3

<h2>Collection of Component include folders:</h2>
  ./RTE/_Target_1
  C:/Users/LENOVO/AppData/Local/Arm/Packs/ARM/CMSIS/6.0.0/CMSIS/Core/Include
  C:/Users/LENOVO/AppData/Local/Arm/Packs/Keil/STM32F3xx_DFP/2.2.2/Drivers/CMSIS/Device/ST/STM32F3xx/Include

<h2>Collection of Component Files used:</h2>

   * Component: ARM::CMSIS:CORE@6.0.0

   * Component: Keil::Device&Standalone:Startup@1.11.3
      Source file:   MDK/Device/Source/ARM/STM32F3xx_OPT.s
      Include file:  Drivers/CMSIS/Device/ST/STM32F3xx/Include/stm32f3xx.h
      Source file:   Drivers/CMSIS/Device/ST/STM32F3xx/Source/Templates/arm/startup_stm32f303x8.s
      Source file:   Drivers/CMSIS/Device/ST/STM32F3xx/Source/Templates/system_stm32f3xx.c
Build Time Elapsed:  00:00:02
</pre>
</body>
</html>
