Component: Arm Compiler for Embedded 6.21 Tool: armlink [5ec1fa00]

==============================================================================

Section Cross References

    main.o(.ARM.exidx.text._Z5Delayj) refers to main.o(.text._Z5Delayj) for [Anonymous Symbol]
    main.o(.text.main) refers to main.o(.text._Z5Delayj) for Delay(unsigned int)
    main.o(.ARM.exidx.text.main) refers to main.o(.text.main) for [Anonymous Symbol]
    basicmathfunctions.o(.ARM.exidx.text.arm_abs_f32) refers to basicmathfunctions.o(.text.arm_abs_f32) for [Anonymous Symbol]
    basicmathfunctions.o(.ARM.exidx.text.arm_abs_f64) refers to basicmathfunctions.o(.text.arm_abs_f64) for [Anonymous Symbol]
    basicmathfunctions.o(.ARM.exidx.text.arm_abs_q15) refers to basicmathfunctions.o(.text.arm_abs_q15) for [Anonymous Symbol]
    basicmathfunctions.o(.ARM.exidx.text.arm_abs_q31) refers to basicmathfunctions.o(.text.arm_abs_q31) for [Anonymous Symbol]
    basicmathfunctions.o(.ARM.exidx.text.arm_abs_q7) refers to basicmathfunctions.o(.text.arm_abs_q7) for [Anonymous Symbol]
    basicmathfunctions.o(.ARM.exidx.text.arm_add_f32) refers to basicmathfunctions.o(.text.arm_add_f32) for [Anonymous Symbol]
    basicmathfunctions.o(.text.arm_add_f64) refers to daddsub_clz.o(x$fpl$dadd) for __aeabi_dadd
    basicmathfunctions.o(.ARM.exidx.text.arm_add_f64) refers to basicmathfunctions.o(.text.arm_add_f64) for [Anonymous Symbol]
    basicmathfunctions.o(.ARM.exidx.text.arm_add_q15) refers to basicmathfunctions.o(.text.arm_add_q15) for [Anonymous Symbol]
    basicmathfunctions.o(.ARM.exidx.text.arm_add_q31) refers to basicmathfunctions.o(.text.arm_add_q31) for [Anonymous Symbol]
    basicmathfunctions.o(.ARM.exidx.text.arm_add_q7) refers to basicmathfunctions.o(.text.arm_add_q7) for [Anonymous Symbol]
    basicmathfunctions.o(.ARM.exidx.text.arm_and_u16) refers to basicmathfunctions.o(.text.arm_and_u16) for [Anonymous Symbol]
    basicmathfunctions.o(.ARM.exidx.text.arm_and_u32) refers to basicmathfunctions.o(.text.arm_and_u32) for [Anonymous Symbol]
    basicmathfunctions.o(.ARM.exidx.text.arm_and_u8) refers to basicmathfunctions.o(.text.arm_and_u8) for [Anonymous Symbol]
    basicmathfunctions.o(.ARM.exidx.text.arm_dot_prod_f32) refers to basicmathfunctions.o(.text.arm_dot_prod_f32) for [Anonymous Symbol]
    basicmathfunctions.o(.text.arm_dot_prod_f64) refers to dmul.o(x$fpl$dmul) for __aeabi_dmul
    basicmathfunctions.o(.text.arm_dot_prod_f64) refers to daddsub_clz.o(x$fpl$dadd) for __aeabi_dadd
    basicmathfunctions.o(.ARM.exidx.text.arm_dot_prod_f64) refers to basicmathfunctions.o(.text.arm_dot_prod_f64) for [Anonymous Symbol]
    basicmathfunctions.o(.ARM.exidx.text.arm_dot_prod_q15) refers to basicmathfunctions.o(.text.arm_dot_prod_q15) for [Anonymous Symbol]
    basicmathfunctions.o(.ARM.exidx.text.arm_dot_prod_q31) refers to basicmathfunctions.o(.text.arm_dot_prod_q31) for [Anonymous Symbol]
    basicmathfunctions.o(.ARM.exidx.text.arm_dot_prod_q7) refers to basicmathfunctions.o(.text.arm_dot_prod_q7) for [Anonymous Symbol]
    basicmathfunctions.o(.ARM.exidx.text.arm_mult_f32) refers to basicmathfunctions.o(.text.arm_mult_f32) for [Anonymous Symbol]
    basicmathfunctions.o(.text.arm_mult_f64) refers to dmul.o(x$fpl$dmul) for __aeabi_dmul
    basicmathfunctions.o(.ARM.exidx.text.arm_mult_f64) refers to basicmathfunctions.o(.text.arm_mult_f64) for [Anonymous Symbol]
    basicmathfunctions.o(.ARM.exidx.text.arm_mult_q15) refers to basicmathfunctions.o(.text.arm_mult_q15) for [Anonymous Symbol]
    basicmathfunctions.o(.ARM.exidx.text.arm_mult_q31) refers to basicmathfunctions.o(.text.arm_mult_q31) for [Anonymous Symbol]
    basicmathfunctions.o(.ARM.exidx.text.arm_mult_q7) refers to basicmathfunctions.o(.text.arm_mult_q7) for [Anonymous Symbol]
    basicmathfunctions.o(.ARM.exidx.text.arm_negate_f32) refers to basicmathfunctions.o(.text.arm_negate_f32) for [Anonymous Symbol]
    basicmathfunctions.o(.ARM.exidx.text.arm_negate_f64) refers to basicmathfunctions.o(.text.arm_negate_f64) for [Anonymous Symbol]
    basicmathfunctions.o(.ARM.exidx.text.arm_negate_q15) refers to basicmathfunctions.o(.text.arm_negate_q15) for [Anonymous Symbol]
    basicmathfunctions.o(.ARM.exidx.text.arm_negate_q31) refers to basicmathfunctions.o(.text.arm_negate_q31) for [Anonymous Symbol]
    basicmathfunctions.o(.ARM.exidx.text.arm_negate_q7) refers to basicmathfunctions.o(.text.arm_negate_q7) for [Anonymous Symbol]
    basicmathfunctions.o(.ARM.exidx.text.arm_not_u16) refers to basicmathfunctions.o(.text.arm_not_u16) for [Anonymous Symbol]
    basicmathfunctions.o(.ARM.exidx.text.arm_not_u32) refers to basicmathfunctions.o(.text.arm_not_u32) for [Anonymous Symbol]
    basicmathfunctions.o(.ARM.exidx.text.arm_not_u8) refers to basicmathfunctions.o(.text.arm_not_u8) for [Anonymous Symbol]
    basicmathfunctions.o(.ARM.exidx.text.arm_offset_f32) refers to basicmathfunctions.o(.text.arm_offset_f32) for [Anonymous Symbol]
[...]
    transformfunctions.o(.ARM.exidx.text.arm_rfft_fast_f32) refers to transformfunctions.o(.text.arm_rfft_fast_f32) for [Anonymous Symbol]
    transformfunctions.o(.text.stage_rfft_f64) refers to daddsub_clz.o(x$fpl$dadd) for __aeabi_dadd
    transformfunctions.o(.text.stage_rfft_f64) refers to dmul.o(x$fpl$dmul) for __aeabi_dmul
    transformfunctions.o(.text.stage_rfft_f64) refers to daddsub_clz.o(x$fpl$dsub) for __aeabi_dsub
    transformfunctions.o(.ARM.exidx.text.stage_rfft_f64) refers to transformfunctions.o(.text.stage_rfft_f64) for [Anonymous Symbol]
    transformfunctions.o(.text.merge_rfft_f64) refers to daddsub_clz.o(x$fpl$dadd) for __aeabi_dadd
    transformfunctions.o(.text.merge_rfft_f64) refers to dmul.o(x$fpl$dmul) for __aeabi_dmul
    transformfunctions.o(.text.merge_rfft_f64) refers to daddsub_clz.o(x$fpl$dsub) for __aeabi_dsub
    transformfunctions.o(.ARM.exidx.text.merge_rfft_f64) refers to transformfunctions.o(.text.merge_rfft_f64) for [Anonymous Symbol]
    transformfunctions.o(.text.arm_rfft_fast_f64) refers to transformfunctions.o(.text.merge_rfft_f64) for merge_rfft_f64
    transformfunctions.o(.text.arm_rfft_fast_f64) refers to transformfunctions.o(.text.arm_cfft_f64) for arm_cfft_f64
    transformfunctions.o(.text.arm_rfft_fast_f64) refers to transformfunctions.o(.text.stage_rfft_f64) for stage_rfft_f64
    transformfunctions.o(.ARM.exidx.text.arm_rfft_fast_f64) refers to transformfunctions.o(.text.arm_rfft_fast_f64) for [Anonymous Symbol]
    transformfunctions.o(.text.arm_rfft_fast_init_32_f32) refers to transformfunctions.o(.text.arm_cfft_init_16_f32) for arm_cfft_init_16_f32
    transformfunctions.o(.text.arm_rfft_fast_init_32_f32) refers to commontables.o(.rodata.twiddleCoef_rfft_32) for twiddleCoef_rfft_32
    transformfunctions.o(.ARM.exidx.text.arm_rfft_fast_init_32_f32) refers to transformfunctions.o(.text.arm_rfft_fast_init_32_f32) for [Anonymous Symbol]
    transformfunctions.o(.text.arm_rfft_fast_init_64_f32) refers to transformfunctions.o(.text.arm_cfft_init_32_f32) for arm_cfft_init_32_f32
    transformfunctions.o(.text.arm_rfft_fast_init_64_f32) refers to commontables.o(.rodata.twiddleCoef_rfft_64) for twiddleCoef_rfft_64
    transformfunctions.o(.ARM.exidx.text.arm_rfft_fast_init_64_f32) refers to transformfunctions.o(.text.arm_rfft_fast_init_64_f32) for [Anonymous Symbol]
    transformfunctions.o(.text.arm_rfft_fast_init_128_f32) refers to transformfunctions.o(.text.arm_cfft_init_64_f32) for arm_cfft_init_64_f32
    transformfunctions.o(.text.arm_rfft_fast_init_128_f32) refers to commontables.o(.rodata.twiddleCoef_rfft_128) for twiddleCoef_rfft_128
    transformfunctions.o(.ARM.exidx.text.arm_rfft_fast_init_128_f32) refers to transformfunctions.o(.text.arm_rfft_fast_init_128_f32) for [Anonymous Symbol]
    transformfunctions.o(.text.arm_rfft_fast_init_256_f32) refers to transformfunctions.o(.text.arm_cfft_init_128_f32) for arm_cfft_init_128_f32
    transformfunctions.o(.text.arm_rfft_fast_init_256_f32) refers to commontables.o(.rodata.twiddleCoef_rfft_256) for twiddleCoef_rfft_256
    transformfunctions.o(.ARM.exidx.text.arm_rfft_fast_init_256_f32) refers to transformfunctions.o(.text.arm_rfft_fast_init_256_f32) for [Anonymous Symbol]
    transformfunctions.o(.text.arm_rfft_fast_init_512_f32) refers to transformfunctions.o(.text.arm_cfft_init_256_f32) for arm_cfft_init_256_f32
    transformfunctions.o(.text.arm_rfft_fast_init_512_f32) refers to commontables.o(.rodata.twiddleCoef_rfft_512) for twiddleCoef_rfft_512
    transformfunctions.o(.ARM.exidx.text.arm_rfft_fast_init_512_f32) refers to transformfunctions.o(.text.arm_rfft_fast_init_512_f32) for [Anonymous Symbol]
    transformfunctions.o(.text.arm_rfft_fast_init_1024_f32) refers to transformfunctions.o(.text.arm_cfft_init_512_f32) for arm_cfft_init_512_f32
    transformfunctions.o(.text.arm_rfft_fast_init_1024_f32) refers to commontables.o(.rodata.twiddleCoef_rfft_1024) for twiddleCoef_rfft_1024
    transformfunctions.o(.ARM.exidx.text.arm_rfft_fast_init_1024_f32) refers to transformfunctions.o(.text.arm_rfft_fast_init_1024_f32) for [Anonymous Symbol]
    transformfunctions.o(.text.arm_rfft_fast_init_2048_f32) refers to transformfunctions.o(.text.arm_cfft_init_1024_f32) for arm_cfft_init_1024_f32
    transformfunctions.o(.text.arm_rfft_fast_init_2048_f32) refers to commontables.o(.rodata.twiddleCoef_rfft_2048) for twiddleCoef_rfft_2048
    transformfunctions.o(.ARM.exidx.text.arm_rfft_fast_init_2048_f32) refers to transformfunctions.o(.text.arm_rfft_fast_init_2048_f32) for [Anonymous Symbol]
    transformfunctions.o(.text.arm_rfft_fast_init_4096_f32) refers to transformfunctions.o(.text.arm_cfft_init_2048_f32) for arm_cfft_init_2048_f32
    transformfunctions.o(.text.arm_rfft_fast_init_4096_f32) refers to commontables.o(.rodata.twiddleCoef_rfft_4096) for twiddleCoef_rfft_4096
    transformfunctions.o(.ARM.exidx.text.arm_rfft_fast_init_4096_f32) refers to transformfunctions.o(.text.arm_rfft_fast_init_4096_f32) for [Anonymous Symbol]
    transformfunctions.o(.text.arm_rfft_fast_init_f32) refers to transformfunctions.o(.text.arm_rfft_fast_init_4096_f32) for arm_rfft_fast_init_4096_f32
    transformfunctions.o(.text.arm_rfft_fast_init_f32) refers to transformfunctions.o(.text.arm_rfft_fast_init_2048_f32) for arm_rfft_fast_init_2048_f32
    transformfunctions.o(.text.arm_rfft_fast_init_f32) refers to transformfunctions.o(.text.arm_rfft_fast_init_1024_f32) for arm_rfft_fast_init_1024_f32
    transformfunctions.o(.text.arm_rfft_fast_init_f32) refers to transformfunctions.o(.text.arm_rfft_fast_init_512_f32) for arm_rfft_fast_init_512_f32
    transformfunctions.o(.text.arm_rfft_fast_init_f32) refers to transformfunctions.o(.text.arm_rfft_fast_init_256_f32) for arm_rfft_fast_init_256_f32
    transformfunctions.o(.text.arm_rfft_fast_init_f32) refers to transformfunctions.o(.text.arm_rfft_fast_init_128_f32) for arm_rfft_fast_init_128_f32
    transformfunctions.o(.text.arm_rfft_fast_init_f32) refers to transformfunctions.o(.text.arm_rfft_fast_init_64_f32) for arm_rfft_fast_init_64_f32
    transformfunctions.o(.text.arm_rfft_fast_init_f32) refers to transformfunctions.o(.text.arm_rfft_fast_init_32_f32) for arm_rfft_fast_init_32_f32
    transformfunctions.o(.ARM.exidx.text.arm_rfft_fast_init_f32) refers to transformfunctions.o(.text.arm_rfft_fast_init_f32) for [Anonymous Symbol]
    transformfunctions.o(.text.arm_rfft_fast_init_32_f64) refers to commontables.o(.rodata.armBitRevIndexTableF64_16) for armBitRevIndexTableF64_16
    transformfunctions.o(.text.arm_rfft_fast_init_32_f64) refers to commontables.o(.rodata.twiddleCoefF64_16) for twiddleCoefF64_16
    transformfunctions.o(.text.arm_rfft_fast_init_32_f64) refers to commontables.o(.rodata.twiddleCoefF64_rfft_32) for twiddleCoefF64_rfft_32
    transformfunctions.o(.ARM.exidx.text.arm_rfft_fast_init_32_f64) refers to transformfunctions.o(.text.arm_rfft_fast_init_32_f64) for [Anonymous Symbol]
    transformfunctions.o(.text.arm_rfft_fast_init_64_f64) refers to commontables.o(.rodata.armBitRevIndexTableF64_32) for armBitRevIndexTableF64_32
    transformfunctions.o(.text.arm_rfft_fast_init_64_f64) refers to commontables.o(.rodata.twiddleCoefF64_32) for twiddleCoefF64_32
    transformfunctions.o(.text.arm_rfft_fast_init_64_f64) refers to commontables.o(.rodata.twiddleCoefF64_rfft_64) for twiddleCoefF64_rfft_64
    transformfunctions.o(.ARM.exidx.text.arm_rfft_fast_init_64_f64) refers to transformfunctions.o(.text.arm_rfft_fast_init_64_f64) for [Anonymous Symbol]
    transformfunctions.o(.text.arm_rfft_fast_init_128_f64) refers to commontables.o(.rodata.armBitRevIndexTableF64_64) for armBitRevIndexTableF64_64
    transformfunctions.o(.text.arm_rfft_fast_init_128_f64) refers to commontables.o(.rodata.twiddleCoefF64_64) for twiddleCoefF64_64
    transformfunctions.o(.text.arm_rfft_fast_init_128_f64) refers to commontables.o(.rodata.twiddleCoefF64_rfft_128) for twiddleCoefF64_rfft_128
    transformfunctions.o(.ARM.exidx.text.arm_rfft_fast_init_128_f64) refers to transformfunctions.o(.text.arm_rfft_fast_init_128_f64) for [Anonymous Symbol]
    transformfunctions.o(.text.arm_rfft_fast_init_256_f64) refers to commontables.o(.rodata.armBitRevIndexTableF64_128) for armBitRevIndexTableF64_128
    transformfunctions.o(.text.arm_rfft_fast_init_256_f64) refers to commontables.o(.rodata.twiddleCoefF64_128) for twiddleCoefF64_128
    transformfunctions.o(.text.arm_rfft_fast_init_256_f64) refers to commontables.o(.rodata.twiddleCoefF64_rfft_256) for twiddleCoefF64_rfft_256
    transformfunctions.o(.ARM.exidx.text.arm_rfft_fast_init_256_f64) refers to transformfunctions.o(.text.arm_rfft_fast_init_256_f64) for [Anonymous Symbol]
    transformfunctions.o(.text.arm_rfft_fast_init_512_f64) refers to commontables.o(.rodata.armBitRevIndexTableF64_256) for armBitRevIndexTableF64_256
    transformfunctions.o(.text.arm_rfft_fast_init_512_f64) refers to commontables.o(.rodata.twiddleCoefF64_256) for twiddleCoefF64_256
    transformfunctions.o(.text.arm_rfft_fast_init_512_f64) refers to commontables.o(.rodata.twiddleCoefF64_rfft_512) for twiddleCoefF64_rfft_512
    transformfunctions.o(.ARM.exidx.text.arm_rfft_fast_init_512_f64) refers to transformfunctions.o(.text.arm_rfft_fast_init_512_f64) for [Anonymous Symbol]
    transformfunctions.o(.text.arm_rfft_fast_init_1024_f64) refers to commontables.o(.rodata.armBitRevIndexTableF64_512) for armBitRevIndexTableF64_512
    transformfunctions.o(.text.arm_rfft_fast_init_1024_f64) refers to commontables.o(.rodata.twiddleCoefF64_512) for twiddleCoefF64_512
    transformfunctions.o(.text.arm_rfft_fast_init_1024_f64) refers to commontables.o(.rodata.twiddleCoefF64_rfft_1024) for twiddleCoefF64_rfft_1024
    transformfunctions.o(.ARM.exidx.text.arm_rfft_fast_init_1024_f64) refers to transformfunctions.o(.text.arm_rfft_fast_init_1024_f64) for [Anonymous Symbol]
    transformfunctions.o(.text.arm_rfft_fast_init_2048_f64) refers to commontables.o(.rodata.armBitRevIndexTableF64_1024) for armBitRevIndexTableF64_1024
    transformfunctions.o(.text.arm_rfft_fast_init_2048_f64) refers to commontables.o(.rodata.twiddleCoefF64_1024) for twiddleCoefF64_1024
    transformfunctions.o(.text.arm_rfft_fast_init_2048_f64) refers to commontables.o(.rodata.twiddleCoefF64_rfft_2048) for twiddleCoefF64_rfft_2048
    transformfunctions.o(.ARM.exidx.text.arm_rfft_fast_init_2048_f64) refers to transformfunctions.o(.text.arm_rfft_fast_init_2048_f64) for [Anonymous Symbol]
    transformfunctions.o(.text.arm_rfft_fast_init_4096_f64) refers to commontables.o(.rodata.armBitRevIndexTableF64_2048) for armBitRevIndexTableF64_2048
    transformfunctions.o(.text.arm_rfft_fast_init_4096_f64) refers to commontables.o(.rodata.twiddleCoefF64_2048) for twiddleCoefF64_2048
    transformfunctions.o(.text.arm_rfft_fast_init_4096_f64) refers to commontables.o(.rodata.twiddleCoefF64_rfft_4096) for twiddleCoefF64_rfft_4096
    transformfunctions.o(.ARM.exidx.text.arm_rfft_fast_init_4096_f64) refers to transformfunctions.o(.text.arm_rfft_fast_init_4096_f64) for [Anonymous Symbol]
    transformfunctions.o(.text.arm_rfft_fast_init_f64) refers to transformfunctions.o(.text.arm_rfft_fast_init_4096_f64) for arm_rfft_fast_init_4096_f64
    transformfunctions.o(.text.arm_rfft_fast_init_f64) refers to transformfunctions.o(.text.arm_rfft_fast_init_2048_f64) for arm_rfft_fast_init_2048_f64
    transformfunctions.o(.text.arm_rfft_fast_init_f64) refers to transformfunctions.o(.text.arm_rfft_fast_init_1024_f64) for arm_rfft_fast_init_1024_f64
    transformfunctions.o(.text.arm_rfft_fast_init_f64) refers to transformfunctions.o(.text.arm_rfft_fast_init_512_f64) for arm_rfft_fast_init_512_f64
    transformfunctions.o(.text.arm_rfft_fast_init_f64) refers to transformfunctions.o(.text.arm_rfft_fast_init_256_f64) for arm_rfft_fast_init_256_f64
    transformfunctions.o(.text.arm_rfft_fast_init_f64) refers to transformfunctions.o(.text.arm_rfft_fast_init_128_f64) for arm_rfft_fast_init_128_f64
    transformfunctions.o(.text.arm_rfft_fast_init_f64) refers to transformfunctions.o(.text.arm_rfft_fast_init_64_f64) for arm_rfft_fast_init_64_f64
    transformfunctions.o(.text.arm_rfft_fast_init_f64) refers to transformfunctions.o(.text.arm_rfft_fast_init_32_f64) for arm_rfft_fast_init_32_f64
    transformfunctions.o(.ARM.exidx.text.arm_rfft_fast_init_f64) refers to transformfunctions.o(.text.arm_rfft_fast_init_f64) for [Anonymous Symbol]
    transformfunctions.o(.text.arm_mfcc_init_f32) refers to transformfunctions.o(.text.arm_rfft_fast_init_f32) for arm_rfft_fast_init_f32
    transformfunctions.o(.ARM.exidx.text.arm_mfcc_init_f32) refers to transformfunctions.o(.text.arm_mfcc_init_f32) for [Anonymous Symbol]
    transformfunctions.o(.text.arm_mfcc_init_32_f32) refers to transformfunctions.o(.text.arm_rfft_fast_init_32_f32) for arm_rfft_fast_init_32_f32
    transformfunctions.o(.ARM.exidx.text.arm_mfcc_init_32_f32) refers to transformfunctions.o(.text.arm_mfcc_init_32_f32) for [Anonymous Symbol]
    transformfunctions.o(.text.arm_mfcc_init_64_f32) refers to transformfunctions.o(.text.arm_rfft_fast_init_64_f32) for arm_rfft_fast_init_64_f32
    transformfunctions.o(.ARM.exidx.text.arm_mfcc_init_64_f32) refers to transformfunctions.o(.text.arm_mfcc_init_64_f32) for [Anonymous Symbol]
    transformfunctions.o(.text.arm_mfcc_init_128_f32) refers to transformfunctions.o(.text.arm_rfft_fast_init_128_f32) for arm_rfft_fast_init_128_f32
    transformfunctions.o(.ARM.exidx.text.arm_mfcc_init_128_f32) refers to transformfunctions.o(.text.arm_mfcc_init_128_f32) for [Anonymous Symbol]
    transformfunctions.o(.text.arm_mfcc_init_256_f32) refers to transformfunctions.o(.text.arm_rfft_fast_init_256_f32) for arm_rfft_fast_init_256_f32
    transformfunctions.o(.ARM.exidx.text.arm_mfcc_init_256_f32) refers to transformfunctions.o(.text.arm_mfcc_init_256_f32) for [Anonymous Symbol]
    transformfunctions.o(.text.arm_mfcc_init_512_f32) refers to transformfunctions.o(.text.arm_rfft_fast_init_512_f32) for arm_rfft_fast_init_512_f32
    transformfunctions.o(.ARM.exidx.text.arm_mfcc_init_512_f32) refers to transformfunctions.o(.text.arm_mfcc_init_512_f32) for [Anonymous Symbol]
    transformfunctions.o(.text.arm_mfcc_init_1024_f32) refers to transformfunctions.o(.text.arm_rfft_fast_init_1024_f32) for arm_rfft_fast_init_1024_f32
    transformfunctions.o(.ARM.exidx.text.arm_mfcc_init_1024_f32) refers to transformfunctions.o(.text.arm_mfcc_init_1024_f32) for [Anonymous Symbol]
    transformfunctions.o(.text.arm_mfcc_init_2048_f32) refers to transformfunctions.o(.text.arm_rfft_fast_init_2048_f32) for arm_rfft_fast_init_2048_f32
    transformfunctions.o(.ARM.exidx.text.arm_mfcc_init_2048_f32) refers to transformfunctions.o(.text.arm_mfcc_init_2048_f32) for [Anonymous Symbol]
    transformfunctions.o(.text.arm_mfcc_init_4096_f32) refers to transformfunctions.o(.text.arm_rfft_fast_init_4096_f32) for arm_rfft_fast_init_4096_f32
    transformfunctions.o(.ARM.exidx.text.arm_mfcc_init_4096_f32) refers to transformfunctions.o(.text.arm_mfcc_init_4096_f32) for [Anonymous Symbol]
    transformfunctions.o(.text.arm_mfcc_f32) refers to statisticsfunctions.o(.text.arm_absmax_f32) for arm_absmax_f32
    transformfunctions.o(.text.arm_mfcc_f32) refers to basicmathfunctions.o(.text.arm_scale_f32) for arm_scale_f32
    transformfunctions.o(.text.arm_mfcc_f32) refers to basicmathfunctions.o(.text.arm_mult_f32) for arm_mult_f32
    transformfunctions.o(.text.arm_mfcc_f32) refers to transformfunctions.o(.text.arm_rfft_fast_f32) for arm_rfft_fast_f32
    transformfunctions.o(.text.arm_mfcc_f32) refers to complexmathfunctions.o(.text.arm_cmplx_mag_f32) for arm_cmplx_mag_f32
    transformfunctions.o(.text.arm_mfcc_f32) refers to basicmathfunctions.o(.text.arm_dot_prod_f32) for arm_dot_prod_f32
    transformfunctions.o(.text.arm_mfcc_f32) refers to basicmathfunctions.o(.text.arm_offset_f32) for arm_offset_f32
    transformfunctions.o(.text.arm_mfcc_f32) refers to fastmathfunctions.o(.text.arm_vlog_f32) for arm_vlog_f32
    transformfunctions.o(.text.arm_mfcc_f32) refers to matrixfunctions.o(.text.arm_mat_vec_mult_f32) for arm_mat_vec_mult_f32
    transformfunctions.o(.ARM.exidx.text.arm_mfcc_f32) refers to transformfunctions.o(.text.arm_mfcc_f32) for [Anonymous Symbol]
    transformfunctions.o(.text.arm_mfcc_init_q31) refers to transformfunctions.o(.text.arm_rfft_init_q31) for arm_rfft_init_q31
    transformfunctions.o(.ARM.exidx.text.arm_mfcc_init_q31) refers to transformfunctions.o(.text.arm_mfcc_init_q31) for [Anonymous Symbol]
    transformfunctions.o(.text.arm_rfft_init_q31) refers to transformfunctions.o(.text.arm_rfft_init_8192_q31) for arm_rfft_init_8192_q31
    transformfunctions.o(.text.arm_rfft_init_q31) refers to transformfunctions.o(.text.arm_rfft_init_4096_q31) for arm_rfft_init_4096_q31
    transformfunctions.o(.text.arm_rfft_init_q31) refers to transformfunctions.o(.text.arm_rfft_init_2048_q31) for arm_rfft_init_2048_q31
    transformfunctions.o(.text.arm_rfft_init_q31) refers to transformfunctions.o(.text.arm_rfft_init_1024_q31) for arm_rfft_init_1024_q31
    transformfunctions.o(.text.arm_rfft_init_q31) refers to transformfunctions.o(.text.arm_rfft_init_512_q31) for arm_rfft_init_512_q31
    transformfunctions.o(.text.arm_rfft_init_q31) refers to transformfunctions.o(.text.arm_rfft_init_256_q31) for arm_rfft_init_256_q31
    transformfunctions.o(.text.arm_rfft_init_q31) refers to transformfunctions.o(.text.arm_rfft_init_128_q31) for arm_rfft_init_128_q31
    transformfunctions.o(.text.arm_rfft_init_q31) refers to transformfunctions.o(.text.arm_rfft_init_64_q31) for arm_rfft_init_64_q31
    transformfunctions.o(.text.arm_rfft_init_q31) refers to transformfunctions.o(.text.arm_rfft_init_32_q31) for arm_rfft_init_32_q31
    transformfunctions.o(.ARM.exidx.text.arm_rfft_init_q31) refers to transformfunctions.o(.text.arm_rfft_init_q31) for [Anonymous Symbol]
    transformfunctions.o(.text.arm_mfcc_init_32_q31) refers to transformfunctions.o(.text.arm_rfft_init_32_q31) for arm_rfft_init_32_q31
    transformfunctions.o(.ARM.exidx.text.arm_mfcc_init_32_q31) refers to transformfunctions.o(.text.arm_mfcc_init_32_q31) for [Anonymous Symbol]
    transformfunctions.o(.text.arm_rfft_init_32_q31) refers to commontables.o(.rodata.realCoefAQ31) for realCoefAQ31
    transformfunctions.o(.text.arm_rfft_init_32_q31) refers to commontables.o(.rodata.realCoefBQ31) for realCoefBQ31
    transformfunctions.o(.text.arm_rfft_init_32_q31) refers to commontables.o(.rodata.arm_cfft_sR_q31_len16) for arm_cfft_sR_q31_len16
    transformfunctions.o(.ARM.exidx.text.arm_rfft_init_32_q31) refers to transformfunctions.o(.text.arm_rfft_init_32_q31) for [Anonymous Symbol]
    transformfunctions.o(.text.arm_mfcc_init_64_q31) refers to transformfunctions.o(.text.arm_rfft_init_64_q31) for arm_rfft_init_64_q31
    transformfunctions.o(.ARM.exidx.text.arm_mfcc_init_64_q31) refers to transformfunctions.o(.text.arm_mfcc_init_64_q31) for [Anonymous Symbol]
    transformfunctions.o(.text.arm_rfft_init_64_q31) refers to commontables.o(.rodata.realCoefAQ31) for realCoefAQ31
    transformfunctions.o(.text.arm_rfft_init_64_q31) refers to commontables.o(.rodata.realCoefBQ31) for realCoefBQ31
    transformfunctions.o(.text.arm_rfft_init_64_q31) refers to commontables.o(.rodata.arm_cfft_sR_q31_len32) for arm_cfft_sR_q31_len32
    transformfunctions.o(.ARM.exidx.text.arm_rfft_init_64_q31) refers to transformfunctions.o(.text.arm_rfft_init_64_q31) for [Anonymous Symbol]
    transformfunctions.o(.text.arm_mfcc_init_128_q31) refers to transformfunctions.o(.text.arm_rfft_init_128_q31) for arm_rfft_init_128_q31
    transformfunctions.o(.ARM.exidx.text.arm_mfcc_init_128_q31) refers to transformfunctions.o(.text.arm_mfcc_init_128_q31) for [Anonymous Symbol]
    transformfunctions.o(.text.arm_rfft_init_128_q31) refers to commontables.o(.rodata.realCoefAQ31) for realCoefAQ31
    transformfunctions.o(.text.arm_rfft_init_128_q31) refers to commontables.o(.rodata.realCoefBQ31) for realCoefBQ31
    transformfunctions.o(.text.arm_rfft_init_128_q31) refers to commontables.o(.rodata.arm_cfft_sR_q31_len64) for arm_cfft_sR_q31_len64
    transformfunctions.o(.ARM.exidx.text.arm_rfft_init_128_q31) refers to transformfunctions.o(.text.arm_rfft_init_128_q31) for [Anonymous Symbol]
    transformfunctions.o(.text.arm_mfcc_init_256_q31) refers to transformfunctions.o(.text.arm_rfft_init_256_q31) for arm_rfft_init_256_q31
    transformfunctions.o(.ARM.exidx.text.arm_mfcc_init_256_q31) refers to transformfunctions.o(.text.arm_mfcc_init_256_q31) for [Anonymous Symbol]
    transformfunctions.o(.text.arm_rfft_init_256_q31) refers to commontables.o(.rodata.realCoefAQ31) for realCoefAQ31
    transformfunctions.o(.text.arm_rfft_init_256_q31) refers to commontables.o(.rodata.realCoefBQ31) for realCoefBQ31
    transformfunctions.o(.text.arm_rfft_init_256_q31) refers to commontables.o(.rodata.arm_cfft_sR_q31_len128) for arm_cfft_sR_q31_len128
    transformfunctions.o(.ARM.exidx.text.arm_rfft_init_256_q31) refers to transformfunctions.o(.text.arm_rfft_init_256_q31) for [Anonymous Symbol]
    transformfunctions.o(.text.arm_mfcc_init_512_q31) refers to transformfunctions.o(.text.arm_rfft_init_512_q31) for arm_rfft_init_512_q31
    transformfunctions.o(.ARM.exidx.text.arm_mfcc_init_512_q31) refers to transformfunctions.o(.text.arm_mfcc_init_512_q31) for [Anonymous Symbol]
    transformfunctions.o(.text.arm_rfft_init_512_q31) refers to commontables.o(.rodata.realCoefAQ31) for realCoefAQ31
    transformfunctions.o(.text.arm_rfft_init_512_q31) refers to commontables.o(.rodata.realCoefBQ31) for realCoefBQ31
    transformfunctions.o(.text.arm_rfft_init_512_q31) refers to commontables.o(.rodata.arm_cfft_sR_q31_len256) for arm_cfft_sR_q31_len256
    transformfunctions.o(.ARM.exidx.text.arm_rfft_init_512_q31) refers to transformfunctions.o(.text.arm_rfft_init_512_q31) for [Anonymous Symbol]
    transformfunctions.o(.text.arm_mfcc_init_1024_q31) refers to transformfunctions.o(.text.arm_rfft_init_1024_q31) for arm_rfft_init_1024_q31
    transformfunctions.o(.ARM.exidx.text.arm_mfcc_init_1024_q31) refers to transformfunctions.o(.text.arm_mfcc_init_1024_q31) for [Anonymous Symbol]
    transformfunctions.o(.text.arm_rfft_init_1024_q31) refers to commontables.o(.rodata.realCoefAQ31) for realCoefAQ31
    transformfunctions.o(.text.arm_rfft_init_1024_q31) refers to commontables.o(.rodata.realCoefBQ31) for realCoefBQ31
    transformfunctions.o(.text.arm_rfft_init_1024_q31) refers to commontables.o(.rodata.arm_cfft_sR_q31_len512) for arm_cfft_sR_q31_len512
    transformfunctions.o(.ARM.exidx.text.arm_rfft_init_1024_q31) refers to transformfunctions.o(.text.arm_rfft_init_1024_q31) for [Anonymous Symbol]
    transformfunctions.o(.text.arm_mfcc_init_2048_q31) refers to transformfunctions.o(.text.arm_rfft_init_2048_q31) for arm_rfft_init_2048_q31
    transformfunctions.o(.ARM.exidx.text.arm_mfcc_init_2048_q31) refers to transformfunctions.o(.text.arm_mfcc_init_2048_q31) for [Anonymous Symbol]
    transformfunctions.o(.text.arm_rfft_init_2048_q31) refers to commontables.o(.rodata.realCoefAQ31) for realCoefAQ31
    transformfunctions.o(.text.arm_rfft_init_2048_q31) refers to commontables.o(.rodata.realCoefBQ31) for realCoefBQ31
    transformfunctions.o(.text.arm_rfft_init_2048_q31) refers to commontables.o(.rodata.arm_cfft_sR_q31_len1024) for arm_cfft_sR_q31_len1024
    transformfunctions.o(.ARM.exidx.text.arm_rfft_init_2048_q31) refers to transformfunctions.o(.text.arm_rfft_init_2048_q31) for [Anonymous Symbol]
    transformfunctions.o(.text.arm_mfcc_init_4096_q31) refers to transformfunctions.o(.text.arm_rfft_init_4096_q31) for arm_rfft_init_4096_q31
    transformfunctions.o(.ARM.exidx.text.arm_mfcc_init_4096_q31) refers to transformfunctions.o(.text.arm_mfcc_init_4096_q31) for [Anonymous Symbol]
    transformfunctions.o(.text.arm_rfft_init_4096_q31) refers to commontables.o(.rodata.realCoefAQ31) for realCoefAQ31
    transformfunctions.o(.text.arm_rfft_init_4096_q31) refers to commontables.o(.rodata.realCoefBQ31) for realCoefBQ31
    transformfunctions.o(.text.arm_rfft_init_4096_q31) refers to commontables.o(.rodata.arm_cfft_sR_q31_len2048) for arm_cfft_sR_q31_len2048
    transformfunctions.o(.ARM.exidx.text.arm_rfft_init_4096_q31) refers to transformfunctions.o(.text.arm_rfft_init_4096_q31) for [Anonymous Symbol]
    transformfunctions.o(.text.arm_mfcc_q31) refers to statisticsfunctions.o(.text.arm_absmax_q31) for arm_absmax_q31
    transformfunctions.o(.text.arm_mfcc_q31) refers to fastmathfunctions.o(.text.arm_divide_q31) for arm_divide_q31
    transformfunctions.o(.text.arm_mfcc_q31) refers to basicmathfunctions.o(.text.arm_scale_q31) for arm_scale_q31
    transformfunctions.o(.text.arm_mfcc_q31) refers to basicmathfunctions.o(.text.arm_mult_q31) for arm_mult_q31
    transformfunctions.o(.text.arm_mfcc_q31) refers to transformfunctions.o(.text.arm_rfft_q31) for arm_rfft_q31
    transformfunctions.o(.text.arm_mfcc_q31) refers to complexmathfunctions.o(.text.arm_cmplx_mag_q31) for arm_cmplx_mag_q31
    transformfunctions.o(.text.arm_mfcc_q31) refers to basicmathfunctions.o(.text.arm_dot_prod_q31) for arm_dot_prod_q31
    transformfunctions.o(.text.arm_mfcc_q31) refers to fastmathfunctions.o(.text.arm_vlog_q31) for arm_vlog_q31
    transformfunctions.o(.text.arm_mfcc_q31) refers to basicmathfunctions.o(.text.arm_offset_q31) for arm_offset_q31
    transformfunctions.o(.text.arm_mfcc_q31) refers to basicmathfunctions.o(.text.arm_shift_q31) for arm_shift_q31
    transformfunctions.o(.text.arm_mfcc_q31) refers to matrixfunctions.o(.text.arm_mat_vec_mult_q31) for arm_mat_vec_mult_q31
    transformfunctions.o(.ARM.exidx.text.arm_mfcc_q31) refers to transformfunctions.o(.text.arm_mfcc_q31) for [Anonymous Symbol]
    transformfunctions.o(.text.arm_rfft_q31) refers to transformfunctions.o(.text.arm_split_rifft_q31) for arm_split_rifft_q31
    transformfunctions.o(.text.arm_rfft_q31) refers to transformfunctions.o(.text.arm_cfft_q31) for arm_cfft_q31
    transformfunctions.o(.text.arm_rfft_q31) refers to basicmathfunctions.o(.text.arm_shift_q31) for arm_shift_q31
    transformfunctions.o(.text.arm_rfft_q31) refers to transformfunctions.o(.text.arm_split_rfft_q31) for arm_split_rfft_q31
    transformfunctions.o(.ARM.exidx.text.arm_rfft_q31) refers to transformfunctions.o(.text.arm_rfft_q31) for [Anonymous Symbol]
    transformfunctions.o(.text.arm_mfcc_init_q15) refers to transformfunctions.o(.text.arm_rfft_init_q15) for arm_rfft_init_q15
    transformfunctions.o(.ARM.exidx.text.arm_mfcc_init_q15) refers to transformfunctions.o(.text.arm_mfcc_init_q15) for [Anonymous Symbol]
    transformfunctions.o(.text.arm_rfft_init_q15) refers to transformfunctions.o(.text.arm_rfft_init_8192_q15) for arm_rfft_init_8192_q15
    transformfunctions.o(.text.arm_rfft_init_q15) refers to transformfunctions.o(.text.arm_rfft_init_4096_q15) for arm_rfft_init_4096_q15
    transformfunctions.o(.text.arm_rfft_init_q15) refers to transformfunctions.o(.text.arm_rfft_init_2048_q15) for arm_rfft_init_2048_q15
    transformfunctions.o(.text.arm_rfft_init_q15) refers to transformfunctions.o(.text.arm_rfft_init_1024_q15) for arm_rfft_init_1024_q15
    transformfunctions.o(.text.arm_rfft_init_q15) refers to transformfunctions.o(.text.arm_rfft_init_512_q15) for arm_rfft_init_512_q15
    transformfunctions.o(.text.arm_rfft_init_q15) refers to transformfunctions.o(.text.arm_rfft_init_256_q15) for arm_rfft_init_256_q15
    transformfunctions.o(.text.arm_rfft_init_q15) refers to transformfunctions.o(.text.arm_rfft_init_128_q15) for arm_rfft_init_128_q15
    transformfunctions.o(.text.arm_rfft_init_q15) refers to transformfunctions.o(.text.arm_rfft_init_64_q15) for arm_rfft_init_64_q15
    transformfunctions.o(.text.arm_rfft_init_q15) refers to transformfunctions.o(.text.arm_rfft_init_32_q15) for arm_rfft_init_32_q15
    transformfunctions.o(.ARM.exidx.text.arm_rfft_init_q15) refers to transformfunctions.o(.text.arm_rfft_init_q15) for [Anonymous Symbol]
    transformfunctions.o(.text.arm_mfcc_init_32_q15) refers to transformfunctions.o(.text.arm_rfft_init_32_q15) for arm_rfft_init_32_q15
    transformfunctions.o(.ARM.exidx.text.arm_mfcc_init_32_q15) refers to transformfunctions.o(.text.arm_mfcc_init_32_q15) for [Anonymous Symbol]
    transformfunctions.o(.text.arm_rfft_init_32_q15) refers to commontables.o(.rodata.realCoefAQ15) for realCoefAQ15
    transformfunctions.o(.text.arm_rfft_init_32_q15) refers to commontables.o(.rodata.realCoefBQ15) for realCoefBQ15
    transformfunctions.o(.text.arm_rfft_init_32_q15) refers to commontables.o(.rodata.arm_cfft_sR_q15_len16) for arm_cfft_sR_q15_len16
    transformfunctions.o(.ARM.exidx.text.arm_rfft_init_32_q15) refers to transformfunctions.o(.text.arm_rfft_init_32_q15) for [Anonymous Symbol]
    transformfunctions.o(.text.arm_mfcc_init_64_q15) refers to transformfunctions.o(.text.arm_rfft_init_64_q15) for arm_rfft_init_64_q15
    transformfunctions.o(.ARM.exidx.text.arm_mfcc_init_64_q15) refers to transformfunctions.o(.text.arm_mfcc_init_64_q15) for [Anonymous Symbol]
    transformfunctions.o(.text.arm_rfft_init_64_q15) refers to commontables.o(.rodata.realCoefAQ15) for realCoefAQ15
    transformfunctions.o(.text.arm_rfft_init_64_q15) refers to commontables.o(.rodata.realCoefBQ15) for realCoefBQ15
    transformfunctions.o(.text.arm_rfft_init_64_q15) refers to commontables.o(.rodata.arm_cfft_sR_q15_len32) for arm_cfft_sR_q15_len32
    transformfunctions.o(.ARM.exidx.text.arm_rfft_init_64_q15) refers to transformfunctions.o(.text.arm_rfft_init_64_q15) for [Anonymous Symbol]
    transformfunctions.o(.text.arm_mfcc_init_128_q15) refers to transformfunctions.o(.text.arm_rfft_init_128_q15) for arm_rfft_init_128_q15
    transformfunctions.o(.ARM.exidx.text.arm_mfcc_init_128_q15) refers to transformfunctions.o(.text.arm_mfcc_init_128_q15) for [Anonymous Symbol]
    transformfunctions.o(.text.arm_rfft_init_128_q15) refers to commontables.o(.rodata.realCoefAQ15) for realCoefAQ15
    transformfunctions.o(.text.arm_rfft_init_128_q15) refers to commontables.o(.rodata.realCoefBQ15) for realCoefBQ15
    transformfunctions.o(.text.arm_rfft_init_128_q15) refers to commontables.o(.rodata.arm_cfft_sR_q15_len64) for arm_cfft_sR_q15_len64
    transformfunctions.o(.ARM.exidx.text.arm_rfft_init_128_q15) refers to transformfunctions.o(.text.arm_rfft_init_128_q15) for [Anonymous Symbol]
    transformfunctions.o(.text.arm_mfcc_init_256_q15) refers to transformfunctions.o(.text.arm_rfft_init_256_q15) for arm_rfft_init_256_q15
    transformfunctions.o(.ARM.exidx.text.arm_mfcc_init_256_q15) refers to transformfunctions.o(.text.arm_mfcc_init_256_q15) for [Anonymous Symbol]
    transformfunctions.o(.text.arm_rfft_init_256_q15) refers to commontables.o(.rodata.realCoefAQ15) for realCoefAQ15
    transformfunctions.o(.text.arm_rfft_init_256_q15) refers to commontables.o(.rodata.realCoefBQ15) for realCoefBQ15
    transformfunctions.o(.text.arm_rfft_init_256_q15) refers to commontables.o(.rodata.arm_cfft_sR_q15_len128) for arm_cfft_sR_q15_len128
    transformfunctions.o(.ARM.exidx.text.arm_rfft_init_256_q15) refers to transformfunctions.o(.text.arm_rfft_init_256_q15) for [Anonymous Symbol]
    transformfunctions.o(.text.arm_mfcc_init_512_q15) refers to transformfunctions.o(.text.arm_rfft_init_512_q15) for arm_rfft_init_512_q15
    transformfunctions.o(.ARM.exidx.text.arm_mfcc_init_512_q15) refers to transformfunctions.o(.text.arm_mfcc_init_512_q15) for [Anonymous Symbol]
    transformfunctions.o(.text.arm_rfft_init_512_q15) refers to commontables.o(.rodata.realCoefAQ15) for realCoefAQ15
    transformfunctions.o(.text.arm_rfft_init_512_q15) refers to commontables.o(.rodata.realCoefBQ15) for realCoefBQ15
    transformfunctions.o(.text.arm_rfft_init_512_q15) refers to commontables.o(.rodata.arm_cfft_sR_q15_len256) for arm_cfft_sR_q15_len256
    transformfunctions.o(.ARM.exidx.text.arm_rfft_init_512_q15) refers to transformfunctions.o(.text.arm_rfft_init_512_q15) for [Anonymous Symbol]
    transformfunctions.o(.text.arm_mfcc_init_1024_q15) refers to transformfunctions.o(.text.arm_rfft_init_1024_q15) for arm_rfft_init_1024_q15
    transformfunctions.o(.ARM.exidx.text.arm_mfcc_init_1024_q15) refers to transformfunctions.o(.text.arm_mfcc_init_1024_q15) for [Anonymous Symbol]
    transformfunctions.o(.text.arm_rfft_init_1024_q15) refers to commontables.o(.rodata.realCoefAQ15) for realCoefAQ15
    transformfunctions.o(.text.arm_rfft_init_1024_q15) refers to commontables.o(.rodata.realCoefBQ15) for realCoefBQ15
    transformfunctions.o(.text.arm_rfft_init_1024_q15) refers to commontables.o(.rodata.arm_cfft_sR_q15_len512) for arm_cfft_sR_q15_len512
    transformfunctions.o(.ARM.exidx.text.arm_rfft_init_1024_q15) refers to transformfunctions.o(.text.arm_rfft_init_1024_q15) for [Anonymous Symbol]
    transformfunctions.o(.text.arm_mfcc_init_2048_q15) refers to transformfunctions.o(.text.arm_rfft_init_2048_q15) for arm_rfft_init_2048_q15
    transformfunctions.o(.ARM.exidx.text.arm_mfcc_init_2048_q15) refers to transformfunctions.o(.text.arm_mfcc_init_2048_q15) for [Anonymous Symbol]
    transformfunctions.o(.text.arm_rfft_init_2048_q15) refers to commontables.o(.rodata.realCoefAQ15) for realCoefAQ15
    transformfunctions.o(.text.arm_rfft_init_2048_q15) refers to commontables.o(.rodata.realCoefBQ15) for realCoefBQ15
    transformfunctions.o(.text.arm_rfft_init_2048_q15) refers to commontables.o(.rodata.arm_cfft_sR_q15_len1024) for arm_cfft_sR_q15_len1024
    transformfunctions.o(.ARM.exidx.text.arm_rfft_init_2048_q15) refers to transformfunctions.o(.text.arm_rfft_init_2048_q15) for [Anonymous Symbol]
    transformfunctions.o(.text.arm_mfcc_init_4096_q15) refers to transformfunctions.o(.text.arm_rfft_init_4096_q15) for arm_rfft_init_4096_q15
    transformfunctions.o(.ARM.exidx.text.arm_mfcc_init_4096_q15) refers to transformfunctions.o(.text.arm_mfcc_init_4096_q15) for [Anonymous Symbol]
    transformfunctions.o(.text.arm_rfft_init_4096_q15) refers to commontables.o(.rodata.realCoefAQ15) for realCoefAQ15
    transformfunctions.o(.text.arm_rfft_init_4096_q15) refers to commontables.o(.rodata.realCoefBQ15) for realCoefBQ15
    transformfunctions.o(.text.arm_rfft_init_4096_q15) refers to commontables.o(.rodata.arm_cfft_sR_q15_len2048) for arm_cfft_sR_q15_len2048
    transformfunctions.o(.ARM.exidx.text.arm_rfft_init_4096_q15) refers to transformfunctions.o(.text.arm_rfft_init_4096_q15) for [Anonymous Symbol]
    transformfunctions.o(.text.arm_mfcc_q15) refers to statisticsfunctions.o(.text.arm_absmax_q15) for arm_absmax_q15
    transformfunctions.o(.text.arm_mfcc_q15) refers to fastmathfunctions.o(.text.arm_divide_q15) for arm_divide_q15
    transformfunctions.o(.text.arm_mfcc_q15) refers to basicmathfunctions.o(.text.arm_scale_q15) for arm_scale_q15
    transformfunctions.o(.text.arm_mfcc_q15) refers to basicmathfunctions.o(.text.arm_mult_q15) for arm_mult_q15
    transformfunctions.o(.text.arm_mfcc_q15) refers to transformfunctions.o(.text.arm_rfft_q15) for arm_rfft_q15
    transformfunctions.o(.text.arm_mfcc_q15) refers to complexmathfunctions.o(.text.arm_cmplx_mag_q15) for arm_cmplx_mag_q15
    transformfunctions.o(.text.arm_mfcc_q15) refers to basicmathfunctions.o(.text.arm_dot_prod_q15) for arm_dot_prod_q15
    transformfunctions.o(.text.arm_mfcc_q15) refers to basicmathfunctions.o(.text.arm_scale_q31) for arm_scale_q31
    transformfunctions.o(.text.arm_mfcc_q15) refers to fastmathfunctions.o(.text.arm_vlog_q31) for arm_vlog_q31
    transformfunctions.o(.text.arm_mfcc_q15) refers to basicmathfunctions.o(.text.arm_offset_q31) for arm_offset_q31
    transformfunctions.o(.text.arm_mfcc_q15) refers to basicmathfunctions.o(.text.arm_shift_q31) for arm_shift_q31
    transformfunctions.o(.text.arm_mfcc_q15) refers to matrixfunctions.o(.text.arm_mat_vec_mult_q15) for arm_mat_vec_mult_q15
    transformfunctions.o(.ARM.exidx.text.arm_mfcc_q15) refers to transformfunctions.o(.text.arm_mfcc_q15) for [Anonymous Symbol]
    transformfunctions.o(.text.arm_rfft_q15) refers to transformfunctions.o(.text.arm_split_rifft_q15) for arm_split_rifft_q15
    transformfunctions.o(.text.arm_rfft_q15) refers to transformfunctions.o(.text.arm_cfft_q15) for arm_cfft_q15
    transformfunctions.o(.text.arm_rfft_q15) refers to basicmathfunctions.o(.text.arm_shift_q15) for arm_shift_q15
    transformfunctions.o(.text.arm_rfft_q15) refers to transformfunctions.o(.text.arm_split_rfft_q15) for arm_split_rfft_q15
    transformfunctions.o(.ARM.exidx.text.arm_rfft_q15) refers to transformfunctions.o(.text.arm_rfft_q15) for [Anonymous Symbol]
    transformfunctions.o(.text.arm_dct4_f32) refers to basicmathfunctions.o(.text.arm_scale_f32) for arm_scale_f32
    transformfunctions.o(.text.arm_dct4_f32) refers to basicmathfunctions.o(.text.arm_mult_f32) for arm_mult_f32
    transformfunctions.o(.text.arm_dct4_f32) refers to transformfunctions.o(.text.arm_rfft_f32) for arm_rfft_f32
    transformfunctions.o(.text.arm_dct4_f32) refers to complexmathfunctions.o(.text.arm_cmplx_mult_cmplx_f32) for arm_cmplx_mult_cmplx_f32
    transformfunctions.o(.ARM.exidx.text.arm_dct4_f32) refers to transformfunctions.o(.text.arm_dct4_f32) for [Anonymous Symbol]
    transformfunctions.o(.text.arm_rfft_f32) refers to transformfunctions.o(.text.arm_split_rifft_f32) for arm_split_rifft_f32
    transformfunctions.o(.text.arm_rfft_f32) refers to transformfunctions.o(.text.arm_radix4_butterfly_inverse_f32) for arm_radix4_butterfly_inverse_f32
    transformfunctions.o(.text.arm_rfft_f32) refers to transformfunctions.o(.text.arm_bitreversal_f32) for arm_bitreversal_f32
    transformfunctions.o(.text.arm_rfft_f32) refers to transformfunctions.o(.text.arm_radix4_butterfly_f32) for arm_radix4_butterfly_f32
    transformfunctions.o(.text.arm_rfft_f32) refers to transformfunctions.o(.text.arm_split_rfft_f32) for arm_split_rfft_f32
    transformfunctions.o(.ARM.exidx.text.arm_rfft_f32) refers to transformfunctions.o(.text.arm_rfft_f32) for [Anonymous Symbol]
    transformfunctions.o(.text.arm_dct4_init_f32) refers to commontables.o(.rodata.Weights_8192) for Weights_8192
    transformfunctions.o(.text.arm_dct4_init_f32) refers to commontables.o(.rodata.cos_factors_8192) for cos_factors_8192
    transformfunctions.o(.text.arm_dct4_init_f32) refers to commontables.o(.rodata.Weights_2048) for Weights_2048
    transformfunctions.o(.text.arm_dct4_init_f32) refers to commontables.o(.rodata.cos_factors_2048) for cos_factors_2048
    transformfunctions.o(.text.arm_dct4_init_f32) refers to commontables.o(.rodata.Weights_512) for Weights_512
    transformfunctions.o(.text.arm_dct4_init_f32) refers to commontables.o(.rodata.cos_factors_512) for cos_factors_512
    transformfunctions.o(.text.arm_dct4_init_f32) refers to commontables.o(.rodata.Weights_128) for Weights_128
    transformfunctions.o(.text.arm_dct4_init_f32) refers to commontables.o(.rodata.cos_factors_128) for cos_factors_128
    transformfunctions.o(.text.arm_dct4_init_f32) refers to transformfunctions.o(.text.arm_rfft_init_f32) for arm_rfft_init_f32
    transformfunctions.o(.ARM.exidx.text.arm_dct4_init_f32) refers to transformfunctions.o(.text.arm_dct4_init_f32) for [Anonymous Symbol]
    transformfunctions.o(.text.arm_rfft_init_f32) refers to commontables.o(.rodata.realCoefA) for realCoefA
    transformfunctions.o(.text.arm_rfft_init_f32) refers to commontables.o(.rodata.realCoefB) for realCoefB
    transformfunctions.o(.text.arm_rfft_init_f32) refers to transformfunctions.o(.text.arm_cfft_radix4_init_f32) for arm_cfft_radix4_init_f32
    transformfunctions.o(.ARM.exidx.text.arm_rfft_init_f32) refers to transformfunctions.o(.text.arm_rfft_init_f32) for [Anonymous Symbol]
    transformfunctions.o(.text.arm_dct4_init_q15) refers to commontables.o(.rodata.WeightsQ15_8192) for WeightsQ15_8192
    transformfunctions.o(.text.arm_dct4_init_q15) refers to commontables.o(.rodata.cos_factorsQ15_8192) for cos_factorsQ15_8192
    transformfunctions.o(.text.arm_dct4_init_q15) refers to commontables.o(.rodata.WeightsQ15_2048) for WeightsQ15_2048
    transformfunctions.o(.text.arm_dct4_init_q15) refers to commontables.o(.rodata.cos_factorsQ15_2048) for cos_factorsQ15_2048
    transformfunctions.o(.text.arm_dct4_init_q15) refers to commontables.o(.rodata.WeightsQ15_512) for WeightsQ15_512
    transformfunctions.o(.text.arm_dct4_init_q15) refers to commontables.o(.rodata.cos_factorsQ15_512) for cos_factorsQ15_512
    transformfunctions.o(.text.arm_dct4_init_q15) refers to commontables.o(.rodata.WeightsQ15_128) for WeightsQ15_128
    transformfunctions.o(.text.arm_dct4_init_q15) refers to commontables.o(.rodata.cos_factorsQ15_128) for cos_factorsQ15_128
    transformfunctions.o(.text.arm_dct4_init_q15) refers to transformfunctions.o(.text.arm_rfft_init_q15) for arm_rfft_init_q15
    transformfunctions.o(.ARM.exidx.text.arm_dct4_init_q15) refers to transformfunctions.o(.text.arm_dct4_init_q15) for [Anonymous Symbol]
    transformfunctions.o(.text.arm_dct4_init_q31) refers to commontables.o(.rodata.WeightsQ31_8192) for WeightsQ31_8192
    transformfunctions.o(.text.arm_dct4_init_q31) refers to commontables.o(.rodata.cos_factorsQ31_8192) for cos_factorsQ31_8192
    transformfunctions.o(.text.arm_dct4_init_q31) refers to commontables.o(.rodata.WeightsQ31_2048) for WeightsQ31_2048
    transformfunctions.o(.text.arm_dct4_init_q31) refers to commontables.o(.rodata.cos_factorsQ31_2048) for cos_factorsQ31_2048
    transformfunctions.o(.text.arm_dct4_init_q31) refers to commontables.o(.rodata.WeightsQ31_512) for WeightsQ31_512
    transformfunctions.o(.text.arm_dct4_init_q31) refers to commontables.o(.rodata.cos_factorsQ31_512) for cos_factorsQ31_512
    transformfunctions.o(.text.arm_dct4_init_q31) refers to commontables.o(.rodata.WeightsQ31_128) for WeightsQ31_128
    transformfunctions.o(.text.arm_dct4_init_q31) refers to commontables.o(.rodata.cos_factorsQ31_128) for cos_factorsQ31_128
    transformfunctions.o(.text.arm_dct4_init_q31) refers to transformfunctions.o(.text.arm_rfft_init_q31) for arm_rfft_init_q31
    transformfunctions.o(.ARM.exidx.text.arm_dct4_init_q31) refers to transformfunctions.o(.text.arm_dct4_init_q31) for [Anonymous Symbol]
    transformfunctions.o(.text.arm_dct4_q15) refers to basicmathfunctions.o(.text.arm_mult_q15) for arm_mult_q15
    transformfunctions.o(.text.arm_dct4_q15) refers to basicmathfunctions.o(.text.arm_shift_q15) for arm_shift_q15
    transformfunctions.o(.text.arm_dct4_q15) refers to transformfunctions.o(.text.arm_rfft_q15) for arm_rfft_q15
    transformfunctions.o(.text.arm_dct4_q15) refers to complexmathfunctions.o(.text.arm_cmplx_mult_cmplx_q15) for arm_cmplx_mult_cmplx_q15
    transformfunctions.o(.ARM.exidx.text.arm_dct4_q15) refers to transformfunctions.o(.text.arm_dct4_q15) for [Anonymous Symbol]
    transformfunctions.o(.text.arm_dct4_q31) refers to basicmathfunctions.o(.text.arm_mult_q31) for arm_mult_q31
    transformfunctions.o(.text.arm_dct4_q31) refers to basicmathfunctions.o(.text.arm_shift_q31) for arm_shift_q31
    transformfunctions.o(.text.arm_dct4_q31) refers to transformfunctions.o(.text.arm_rfft_q31) for arm_rfft_q31
    transformfunctions.o(.text.arm_dct4_q31) refers to complexmathfunctions.o(.text.arm_cmplx_mult_cmplx_q31) for arm_cmplx_mult_cmplx_q31
    transformfunctions.o(.ARM.exidx.text.arm_dct4_q31) refers to transformfunctions.o(.text.arm_dct4_q31) for [Anonymous Symbol]
    transformfunctions.o(.ARM.exidx.text.arm_split_rifft_f32) refers to transformfunctions.o(.text.arm_split_rifft_f32) for [Anonymous Symbol]
    transformfunctions.o(.ARM.exidx.text.arm_split_rfft_f32) refers to transformfunctions.o(.text.arm_split_rfft_f32) for [Anonymous Symbol]
    transformfunctions.o(.ARM.exidx.text.arm_split_rifft_q15) refers to transformfunctions.o(.text.arm_split_rifft_q15) for [Anonymous Symbol]
    transformfunctions.o(.ARM.exidx.text.arm_split_rfft_q15) refers to transformfunctions.o(.text.arm_split_rfft_q15) for [Anonymous Symbol]
    transformfunctions.o(.ARM.exidx.text.arm_split_rifft_q31) refers to transformfunctions.o(.text.arm_split_rifft_q31) for [Anonymous Symbol]
    transformfunctions.o(.ARM.exidx.text.arm_split_rfft_q31) refers to transformfunctions.o(.text.arm_split_rfft_q31) for [Anonymous Symbol]
    transformfunctions.o(.text.arm_cfft_radix4_init_f32) refers to commontables.o(.rodata.twiddleCoef_4096) for twiddleCoef_4096
    transformfunctions.o(.text.arm_cfft_radix4_init_f32) refers to commontables.o(.rodata.armBitRevTable) for armBitRevTable
    transformfunctions.o(.ARM.exidx.text.arm_cfft_radix4_init_f32) refers to transformfunctions.o(.text.arm_cfft_radix4_init_f32) for [Anonymous Symbol]
    transformfunctions.o(.text.arm_rfft_init_8192_q15) refers to commontables.o(.rodata.realCoefAQ15) for realCoefAQ15
    transformfunctions.o(.text.arm_rfft_init_8192_q15) refers to commontables.o(.rodata.realCoefBQ15) for realCoefBQ15
    transformfunctions.o(.text.arm_rfft_init_8192_q15) refers to commontables.o(.rodata.arm_cfft_sR_q15_len4096) for arm_cfft_sR_q15_len4096
    transformfunctions.o(.ARM.exidx.text.arm_rfft_init_8192_q15) refers to transformfunctions.o(.text.arm_rfft_init_8192_q15) for [Anonymous Symbol]
    transformfunctions.o(.text.arm_rfft_init_8192_q31) refers to commontables.o(.rodata.realCoefAQ31) for realCoefAQ31
    transformfunctions.o(.text.arm_rfft_init_8192_q31) refers to commontables.o(.rodata.realCoefBQ31) for realCoefBQ31
    transformfunctions.o(.text.arm_rfft_init_8192_q31) refers to commontables.o(.rodata.arm_cfft_sR_q31_len4096) for arm_cfft_sR_q31_len4096
    transformfunctions.o(.ARM.exidx.text.arm_rfft_init_8192_q31) refers to transformfunctions.o(.text.arm_rfft_init_8192_q31) for [Anonymous Symbol]
    transformfunctions.o(.text.arm_cfft_radix4_init_q15) refers to commontables.o(.rodata.twiddleCoef_4096_q15) for twiddleCoef_4096_q15
    transformfunctions.o(.text.arm_cfft_radix4_init_q15) refers to commontables.o(.rodata.armBitRevTable) for armBitRevTable
    transformfunctions.o(.ARM.exidx.text.arm_cfft_radix4_init_q15) refers to transformfunctions.o(.text.arm_cfft_radix4_init_q15) for [Anonymous Symbol]
    transformfunctions.o(.text.arm_cfft_radix4_init_q31) refers to commontables.o(.rodata.twiddleCoef_4096_q31) for twiddleCoef_4096_q31
    transformfunctions.o(.text.arm_cfft_radix4_init_q31) refers to commontables.o(.rodata.armBitRevTable) for armBitRevTable
    transformfunctions.o(.ARM.exidx.text.arm_cfft_radix4_init_q31) refers to transformfunctions.o(.text.arm_cfft_radix4_init_q31) for [Anonymous Symbol]
    transformfunctions.o(.text.arm_cfft_radix2_init_f32) refers to commontables.o(.rodata.twiddleCoef_4096) for twiddleCoef_4096
    transformfunctions.o(.text.arm_cfft_radix2_init_f32) refers to commontables.o(.rodata.armBitRevTable) for armBitRevTable
    transformfunctions.o(.ARM.exidx.text.arm_cfft_radix2_init_f32) refers to transformfunctions.o(.text.arm_cfft_radix2_init_f32) for [Anonymous Symbol]
    transformfunctions.o(.text.arm_cfft_radix2_init_q15) refers to commontables.o(.rodata.twiddleCoef_4096_q15) for twiddleCoef_4096_q15
    transformfunctions.o(.text.arm_cfft_radix2_init_q15) refers to commontables.o(.rodata.armBitRevTable) for armBitRevTable
    transformfunctions.o(.ARM.exidx.text.arm_cfft_radix2_init_q15) refers to transformfunctions.o(.text.arm_cfft_radix2_init_q15) for [Anonymous Symbol]
    transformfunctions.o(.text.arm_cfft_radix2_init_q31) refers to commontables.o(.rodata.twiddleCoef_4096_q31) for twiddleCoef_4096_q31
    transformfunctions.o(.text.arm_cfft_radix2_init_q31) refers to commontables.o(.rodata.armBitRevTable) for armBitRevTable
    transformfunctions.o(.ARM.exidx.text.arm_cfft_radix2_init_q31) refers to transformfunctions.o(.text.arm_cfft_radix2_init_q31) for [Anonymous Symbol]
    transformfunctionsf16.o(.text.arm_cfft_f16) refers to transformfunctionsf16.o(.text.arm_radix4_butterfly_f16) for arm_radix4_butterfly_f16
    transformfunctionsf16.o(.text.arm_cfft_f16) refers to transformfunctionsf16.o(.text.arm_cfft_radix4by2_f16) for arm_cfft_radix4by2_f16
    transformfunctionsf16.o(.text.arm_cfft_f16) refers to transformfunctions.o(.text.arm_bitreversal_16) for arm_bitreversal_16
    transformfunctionsf16.o(.ARM.exidx.text.arm_cfft_f16) refers to transformfunctionsf16.o(.text.arm_cfft_f16) for [Anonymous Symbol]
    transformfunctionsf16.o(.ARM.exidx.text.arm_radix4_butterfly_f16) refers to transformfunctionsf16.o(.text.arm_radix4_butterfly_f16) for [Anonymous Symbol]
    transformfunctionsf16.o(.text.arm_cfft_radix4by2_f16) refers to transformfunctionsf16.o(.text.arm_radix4_butterfly_f16) for arm_radix4_butterfly_f16
    transformfunctionsf16.o(.ARM.exidx.text.arm_cfft_radix4by2_f16) refers to transformfunctionsf16.o(.text.arm_cfft_radix4by2_f16) for [Anonymous Symbol]
    transformfunctionsf16.o(.text.arm_cfft_init_4096_f16) refers to commontablesf16.o(.rodata.arm_cfft_sR_f16_len4096) for arm_cfft_sR_f16_len4096
    transformfunctionsf16.o(.ARM.exidx.text.arm_cfft_init_4096_f16) refers to transformfunctionsf16.o(.text.arm_cfft_init_4096_f16) for [Anonymous Symbol]
    transformfunctionsf16.o(.text.arm_cfft_init_2048_f16) refers to commontablesf16.o(.rodata.arm_cfft_sR_f16_len2048) for arm_cfft_sR_f16_len2048
    transformfunctionsf16.o(.ARM.exidx.text.arm_cfft_init_2048_f16) refers to transformfunctionsf16.o(.text.arm_cfft_init_2048_f16) for [Anonymous Symbol]
    transformfunctionsf16.o(.text.arm_cfft_init_1024_f16) refers to commontablesf16.o(.rodata.arm_cfft_sR_f16_len1024) for arm_cfft_sR_f16_len1024
    transformfunctionsf16.o(.ARM.exidx.text.arm_cfft_init_1024_f16) refers to transformfunctionsf16.o(.text.arm_cfft_init_1024_f16) for [Anonymous Symbol]
    transformfunctionsf16.o(.text.arm_cfft_init_512_f16) refers to commontablesf16.o(.rodata.arm_cfft_sR_f16_len512) for arm_cfft_sR_f16_len512
    transformfunctionsf16.o(.ARM.exidx.text.arm_cfft_init_512_f16) refers to transformfunctionsf16.o(.text.arm_cfft_init_512_f16) for [Anonymous Symbol]
    transformfunctionsf16.o(.text.arm_cfft_init_256_f16) refers to commontablesf16.o(.rodata.arm_cfft_sR_f16_len256) for arm_cfft_sR_f16_len256
    transformfunctionsf16.o(.ARM.exidx.text.arm_cfft_init_256_f16) refers to transformfunctionsf16.o(.text.arm_cfft_init_256_f16) for [Anonymous Symbol]
    transformfunctionsf16.o(.text.arm_cfft_init_128_f16) refers to commontablesf16.o(.rodata.arm_cfft_sR_f16_len128) for arm_cfft_sR_f16_len128
    transformfunctionsf16.o(.ARM.exidx.text.arm_cfft_init_128_f16) refers to transformfunctionsf16.o(.text.arm_cfft_init_128_f16) for [Anonymous Symbol]
    transformfunctionsf16.o(.text.arm_cfft_init_64_f16) refers to commontablesf16.o(.rodata.arm_cfft_sR_f16_len64) for arm_cfft_sR_f16_len64
    transformfunctionsf16.o(.ARM.exidx.text.arm_cfft_init_64_f16) refers to transformfunctionsf16.o(.text.arm_cfft_init_64_f16) for [Anonymous Symbol]
    transformfunctionsf16.o(.text.arm_cfft_init_32_f16) refers to commontablesf16.o(.rodata.arm_cfft_sR_f16_len32) for arm_cfft_sR_f16_len32
    transformfunctionsf16.o(.ARM.exidx.text.arm_cfft_init_32_f16) refers to transformfunctionsf16.o(.text.arm_cfft_init_32_f16) for [Anonymous Symbol]
    transformfunctionsf16.o(.text.arm_cfft_init_16_f16) refers to commontablesf16.o(.rodata.arm_cfft_sR_f16_len16) for arm_cfft_sR_f16_len16
    transformfunctionsf16.o(.ARM.exidx.text.arm_cfft_init_16_f16) refers to transformfunctionsf16.o(.text.arm_cfft_init_16_f16) for [Anonymous Symbol]
    transformfunctionsf16.o(.text.arm_cfft_init_f16) refers to transformfunctionsf16.o(.text.arm_cfft_init_4096_f16) for arm_cfft_init_4096_f16
    transformfunctionsf16.o(.text.arm_cfft_init_f16) refers to transformfunctionsf16.o(.text.arm_cfft_init_2048_f16) for arm_cfft_init_2048_f16
    transformfunctionsf16.o(.text.arm_cfft_init_f16) refers to transformfunctionsf16.o(.text.arm_cfft_init_1024_f16) for arm_cfft_init_1024_f16
    transformfunctionsf16.o(.text.arm_cfft_init_f16) refers to transformfunctionsf16.o(.text.arm_cfft_init_512_f16) for arm_cfft_init_512_f16
    transformfunctionsf16.o(.text.arm_cfft_init_f16) refers to transformfunctionsf16.o(.text.arm_cfft_init_256_f16) for arm_cfft_init_256_f16
    transformfunctionsf16.o(.text.arm_cfft_init_f16) refers to transformfunctionsf16.o(.text.arm_cfft_init_128_f16) for arm_cfft_init_128_f16
    transformfunctionsf16.o(.text.arm_cfft_init_f16) refers to transformfunctionsf16.o(.text.arm_cfft_init_64_f16) for arm_cfft_init_64_f16
    transformfunctionsf16.o(.text.arm_cfft_init_f16) refers to transformfunctionsf16.o(.text.arm_cfft_init_32_f16) for arm_cfft_init_32_f16
    transformfunctionsf16.o(.text.arm_cfft_init_f16) refers to transformfunctionsf16.o(.text.arm_cfft_init_16_f16) for arm_cfft_init_16_f16
    transformfunctionsf16.o(.ARM.exidx.text.arm_cfft_init_f16) refers to transformfunctionsf16.o(.text.arm_cfft_init_f16) for [Anonymous Symbol]
    transformfunctionsf16.o(.text.arm_cfft_radix2_f16) refers to transformfunctionsf16.o(.text.arm_radix2_butterfly_inverse_f16) for arm_radix2_butterfly_inverse_f16
    transformfunctionsf16.o(.text.arm_cfft_radix2_f16) refers to transformfunctionsf16.o(.text.arm_radix2_butterfly_f16) for arm_radix2_butterfly_f16
    transformfunctionsf16.o(.text.arm_cfft_radix2_f16) refers to transformfunctionsf16.o(.text.arm_bitreversal_f16) for arm_bitreversal_f16
    transformfunctionsf16.o(.ARM.exidx.text.arm_cfft_radix2_f16) refers to transformfunctionsf16.o(.text.arm_cfft_radix2_f16) for [Anonymous Symbol]
    transformfunctionsf16.o(.ARM.exidx.text.arm_radix2_butterfly_inverse_f16) refers to transformfunctionsf16.o(.text.arm_radix2_butterfly_inverse_f16) for [Anonymous Symbol]
    transformfunctionsf16.o(.ARM.exidx.text.arm_radix2_butterfly_f16) refers to transformfunctionsf16.o(.text.arm_radix2_butterfly_f16) for [Anonymous Symbol]
    transformfunctionsf16.o(.ARM.exidx.text.arm_bitreversal_f16) refers to transformfunctionsf16.o(.text.arm_bitreversal_f16) for [Anonymous Symbol]
    transformfunctionsf16.o(.text.arm_cfft_radix4_f16) refers to transformfunctionsf16.o(.text.arm_radix4_butterfly_inverse_f16) for arm_radix4_butterfly_inverse_f16
    transformfunctionsf16.o(.text.arm_cfft_radix4_f16) refers to transformfunctionsf16.o(.text.arm_radix4_butterfly_f16) for arm_radix4_butterfly_f16
    transformfunctionsf16.o(.text.arm_cfft_radix4_f16) refers to transformfunctionsf16.o(.text.arm_bitreversal_f16) for arm_bitreversal_f16
    transformfunctionsf16.o(.ARM.exidx.text.arm_cfft_radix4_f16) refers to transformfunctionsf16.o(.text.arm_cfft_radix4_f16) for [Anonymous Symbol]
    transformfunctionsf16.o(.ARM.exidx.text.arm_radix4_butterfly_inverse_f16) refers to transformfunctionsf16.o(.text.arm_radix4_butterfly_inverse_f16) for [Anonymous Symbol]
    transformfunctionsf16.o(.text.arm_rfft_fast_init_32_f16) refers to transformfunctionsf16.o(.text.arm_cfft_init_16_f16) for arm_cfft_init_16_f16
    transformfunctionsf16.o(.text.arm_rfft_fast_init_32_f16) refers to commontablesf16.o(.rodata.twiddleCoefF16_rfft_32) for twiddleCoefF16_rfft_32
    transformfunctionsf16.o(.ARM.exidx.text.arm_rfft_fast_init_32_f16) refers to transformfunctionsf16.o(.text.arm_rfft_fast_init_32_f16) for [Anonymous Symbol]
    transformfunctionsf16.o(.text.arm_rfft_fast_init_64_f16) refers to transformfunctionsf16.o(.text.arm_cfft_init_32_f16) for arm_cfft_init_32_f16
    transformfunctionsf16.o(.text.arm_rfft_fast_init_64_f16) refers to commontablesf16.o(.rodata.twiddleCoefF16_rfft_64) for twiddleCoefF16_rfft_64
    transformfunctionsf16.o(.ARM.exidx.text.arm_rfft_fast_init_64_f16) refers to transformfunctionsf16.o(.text.arm_rfft_fast_init_64_f16) for [Anonymous Symbol]
    transformfunctionsf16.o(.text.arm_rfft_fast_init_128_f16) refers to transformfunctionsf16.o(.text.arm_cfft_init_64_f16) for arm_cfft_init_64_f16
    transformfunctionsf16.o(.text.arm_rfft_fast_init_128_f16) refers to commontablesf16.o(.rodata.twiddleCoefF16_rfft_128) for twiddleCoefF16_rfft_128
    transformfunctionsf16.o(.ARM.exidx.text.arm_rfft_fast_init_128_f16) refers to transformfunctionsf16.o(.text.arm_rfft_fast_init_128_f16) for [Anonymous Symbol]
    transformfunctionsf16.o(.text.arm_rfft_fast_init_256_f16) refers to transformfunctionsf16.o(.text.arm_cfft_init_128_f16) for arm_cfft_init_128_f16
    transformfunctionsf16.o(.text.arm_rfft_fast_init_256_f16) refers to commontablesf16.o(.rodata.twiddleCoefF16_rfft_256) for twiddleCoefF16_rfft_256
    transformfunctionsf16.o(.ARM.exidx.text.arm_rfft_fast_init_256_f16) refers to transformfunctionsf16.o(.text.arm_rfft_fast_init_256_f16) for [Anonymous Symbol]
    transformfunctionsf16.o(.text.arm_rfft_fast_init_512_f16) refers to transformfunctionsf16.o(.text.arm_cfft_init_256_f16) for arm_cfft_init_256_f16
    transformfunctionsf16.o(.text.arm_rfft_fast_init_512_f16) refers to commontablesf16.o(.rodata.twiddleCoefF16_rfft_512) for twiddleCoefF16_rfft_512
    transformfunctionsf16.o(.ARM.exidx.text.arm_rfft_fast_init_512_f16) refers to transformfunctionsf16.o(.text.arm_rfft_fast_init_512_f16) for [Anonymous Symbol]
    transformfunctionsf16.o(.text.arm_rfft_fast_init_1024_f16) refers to transformfunctionsf16.o(.text.arm_cfft_init_512_f16) for arm_cfft_init_512_f16
    transformfunctionsf16.o(.text.arm_rfft_fast_init_1024_f16) refers to commontablesf16.o(.rodata.twiddleCoefF16_rfft_1024) for twiddleCoefF16_rfft_1024
    transformfunctionsf16.o(.ARM.exidx.text.arm_rfft_fast_init_1024_f16) refers to transformfunctionsf16.o(.text.arm_rfft_fast_init_1024_f16) for [Anonymous Symbol]
    transformfunctionsf16.o(.text.arm_rfft_fast_init_2048_f16) refers to transformfunctionsf16.o(.text.arm_cfft_init_1024_f16) for arm_cfft_init_1024_f16
    transformfunctionsf16.o(.text.arm_rfft_fast_init_2048_f16) refers to commontablesf16.o(.rodata.twiddleCoefF16_rfft_2048) for twiddleCoefF16_rfft_2048
    transformfunctionsf16.o(.ARM.exidx.text.arm_rfft_fast_init_2048_f16) refers to transformfunctionsf16.o(.text.arm_rfft_fast_init_2048_f16) for [Anonymous Symbol]
    transformfunctionsf16.o(.text.arm_rfft_fast_init_4096_f16) refers to transformfunctionsf16.o(.text.arm_cfft_init_2048_f16) for arm_cfft_init_2048_f16
    transformfunctionsf16.o(.text.arm_rfft_fast_init_4096_f16) refers to commontablesf16.o(.rodata.twiddleCoefF16_rfft_4096) for twiddleCoefF16_rfft_4096
    transformfunctionsf16.o(.ARM.exidx.text.arm_rfft_fast_init_4096_f16) refers to transformfunctionsf16.o(.text.arm_rfft_fast_init_4096_f16) for [Anonymous Symbol]
    transformfunctionsf16.o(.text.arm_rfft_fast_init_f16) refers to transformfunctionsf16.o(.text.arm_rfft_fast_init_4096_f16) for arm_rfft_fast_init_4096_f16
    transformfunctionsf16.o(.text.arm_rfft_fast_init_f16) refers to transformfunctionsf16.o(.text.arm_rfft_fast_init_2048_f16) for arm_rfft_fast_init_2048_f16
    transformfunctionsf16.o(.text.arm_rfft_fast_init_f16) refers to transformfunctionsf16.o(.text.arm_rfft_fast_init_1024_f16) for arm_rfft_fast_init_1024_f16
    transformfunctionsf16.o(.text.arm_rfft_fast_init_f16) refers to transformfunctionsf16.o(.text.arm_rfft_fast_init_512_f16) for arm_rfft_fast_init_512_f16
    transformfunctionsf16.o(.text.arm_rfft_fast_init_f16) refers to transformfunctionsf16.o(.text.arm_rfft_fast_init_256_f16) for arm_rfft_fast_init_256_f16
    transformfunctionsf16.o(.text.arm_rfft_fast_init_f16) refers to transformfunctionsf16.o(.text.arm_rfft_fast_init_128_f16) for arm_rfft_fast_init_128_f16
    transformfunctionsf16.o(.text.arm_rfft_fast_init_f16) refers to transformfunctionsf16.o(.text.arm_rfft_fast_init_64_f16) for arm_rfft_fast_init_64_f16
    transformfunctionsf16.o(.text.arm_rfft_fast_init_f16) refers to transformfunctionsf16.o(.text.arm_rfft_fast_init_32_f16) for arm_rfft_fast_init_32_f16
    transformfunctionsf16.o(.ARM.exidx.text.arm_rfft_fast_init_f16) refers to transformfunctionsf16.o(.text.arm_rfft_fast_init_f16) for [Anonymous Symbol]
    transformfunctionsf16.o(.ARM.exidx.text.stage_rfft_f16) refers to transformfunctionsf16.o(.text.stage_rfft_f16) for [Anonymous Symbol]
    transformfunctionsf16.o(.ARM.exidx.text.merge_rfft_f16) refers to transformfunctionsf16.o(.text.merge_rfft_f16) for [Anonymous Symbol]
    transformfunctionsf16.o(.text.arm_rfft_fast_f16) refers to transformfunctionsf16.o(.text.merge_rfft_f16) for merge_rfft_f16
    transformfunctionsf16.o(.text.arm_rfft_fast_f16) refers to transformfunctionsf16.o(.text.arm_cfft_f16) for arm_cfft_f16
    transformfunctionsf16.o(.text.arm_rfft_fast_f16) refers to transformfunctionsf16.o(.text.stage_rfft_f16) for stage_rfft_f16
    transformfunctionsf16.o(.ARM.exidx.text.arm_rfft_fast_f16) refers to transformfunctionsf16.o(.text.arm_rfft_fast_f16) for [Anonymous Symbol]
    transformfunctionsf16.o(.ARM.exidx.text.arm_radix8_butterfly_f16) refers to transformfunctionsf16.o(.text.arm_radix8_butterfly_f16) for [Anonymous Symbol]
    transformfunctionsf16.o(.text.arm_mfcc_init_f16) refers to transformfunctionsf16.o(.text.arm_rfft_fast_init_f16) for arm_rfft_fast_init_f16
    transformfunctionsf16.o(.ARM.exidx.text.arm_mfcc_init_f16) refers to transformfunctionsf16.o(.text.arm_mfcc_init_f16) for [Anonymous Symbol]
    transformfunctionsf16.o(.text.arm_mfcc_init_32_f16) refers to transformfunctionsf16.o(.text.arm_rfft_fast_init_32_f16) for arm_rfft_fast_init_32_f16
    transformfunctionsf16.o(.ARM.exidx.text.arm_mfcc_init_32_f16) refers to transformfunctionsf16.o(.text.arm_mfcc_init_32_f16) for [Anonymous Symbol]
    transformfunctionsf16.o(.text.arm_mfcc_init_64_f16) refers to transformfunctionsf16.o(.text.arm_rfft_fast_init_64_f16) for arm_rfft_fast_init_64_f16
    transformfunctionsf16.o(.ARM.exidx.text.arm_mfcc_init_64_f16) refers to transformfunctionsf16.o(.text.arm_mfcc_init_64_f16) for [Anonymous Symbol]
    transformfunctionsf16.o(.text.arm_mfcc_init_128_f16) refers to transformfunctionsf16.o(.text.arm_rfft_fast_init_128_f16) for arm_rfft_fast_init_128_f16
    transformfunctionsf16.o(.ARM.exidx.text.arm_mfcc_init_128_f16) refers to transformfunctionsf16.o(.text.arm_mfcc_init_128_f16) for [Anonymous Symbol]
    transformfunctionsf16.o(.text.arm_mfcc_init_256_f16) refers to transformfunctionsf16.o(.text.arm_rfft_fast_init_256_f16) for arm_rfft_fast_init_256_f16
    transformfunctionsf16.o(.ARM.exidx.text.arm_mfcc_init_256_f16) refers to transformfunctionsf16.o(.text.arm_mfcc_init_256_f16) for [Anonymous Symbol]
    transformfunctionsf16.o(.text.arm_mfcc_init_512_f16) refers to transformfunctionsf16.o(.text.arm_rfft_fast_init_512_f16) for arm_rfft_fast_init_512_f16
    transformfunctionsf16.o(.ARM.exidx.text.arm_mfcc_init_512_f16) refers to transformfunctionsf16.o(.text.arm_mfcc_init_512_f16) for [Anonymous Symbol]
    transformfunctionsf16.o(.text.arm_mfcc_init_1024_f16) refers to transformfunctionsf16.o(.text.arm_rfft_fast_init_1024_f16) for arm_rfft_fast_init_1024_f16
    transformfunctionsf16.o(.ARM.exidx.text.arm_mfcc_init_1024_f16) refers to transformfunctionsf16.o(.text.arm_mfcc_init_1024_f16) for [Anonymous Symbol]
    transformfunctionsf16.o(.text.arm_mfcc_init_2048_f16) refers to transformfunctionsf16.o(.text.arm_rfft_fast_init_2048_f16) for arm_rfft_fast_init_2048_f16
    transformfunctionsf16.o(.ARM.exidx.text.arm_mfcc_init_2048_f16) refers to transformfunctionsf16.o(.text.arm_mfcc_init_2048_f16) for [Anonymous Symbol]
    transformfunctionsf16.o(.text.arm_mfcc_init_4096_f16) refers to transformfunctionsf16.o(.text.arm_rfft_fast_init_4096_f16) for arm_rfft_fast_init_4096_f16
    transformfunctionsf16.o(.ARM.exidx.text.arm_mfcc_init_4096_f16) refers to transformfunctionsf16.o(.text.arm_mfcc_init_4096_f16) for [Anonymous Symbol]
    transformfunctionsf16.o(.text.arm_mfcc_f16) refers to statisticsfunctionsf16.o(.text.arm_absmax_f16) for arm_absmax_f16
    transformfunctionsf16.o(.text.arm_mfcc_f16) refers to basicmathfunctionsf16.o(.text.arm_scale_f16) for arm_scale_f16
    transformfunctionsf16.o(.text.arm_mfcc_f16) refers to basicmathfunctionsf16.o(.text.arm_mult_f16) for arm_mult_f16
    transformfunctionsf16.o(.text.arm_mfcc_f16) refers to transformfunctionsf16.o(.text.arm_rfft_fast_f16) for arm_rfft_fast_f16
    transformfunctionsf16.o(.text.arm_mfcc_f16) refers to complexmathfunctionsf16.o(.text.arm_cmplx_mag_f16) for arm_cmplx_mag_f16
    transformfunctionsf16.o(.text.arm_mfcc_f16) refers to basicmathfunctionsf16.o(.text.arm_dot_prod_f16) for arm_dot_prod_f16
    transformfunctionsf16.o(.text.arm_mfcc_f16) refers to basicmathfunctionsf16.o(.text.arm_offset_f16) for arm_offset_f16
    transformfunctionsf16.o(.text.arm_mfcc_f16) refers to fastmathfunctionsf16.o(.text.arm_vlog_f16) for arm_vlog_f16
    transformfunctionsf16.o(.text.arm_mfcc_f16) refers to matrixfunctionsf16.o(.text.arm_mat_vec_mult_f16) for arm_mat_vec_mult_f16
    transformfunctionsf16.o(.ARM.exidx.text.arm_mfcc_f16) refers to transformfunctionsf16.o(.text.arm_mfcc_f16) for [Anonymous Symbol]
    transformfunctionsf16.o(.text.arm_cfft_radix2_init_f16) refers to commontablesf16.o(.rodata.twiddleCoefF16_4096) for twiddleCoefF16_4096
    transformfunctionsf16.o(.text.arm_cfft_radix2_init_f16) refers to commontables.o(.rodata.armBitRevTable) for armBitRevTable
    transformfunctionsf16.o(.ARM.exidx.text.arm_cfft_radix2_init_f16) refers to transformfunctionsf16.o(.text.arm_cfft_radix2_init_f16) for [Anonymous Symbol]
    transformfunctionsf16.o(.text.arm_cfft_radix4_init_f16) refers to commontablesf16.o(.rodata.twiddleCoefF16_4096) for twiddleCoefF16_4096
    transformfunctionsf16.o(.text.arm_cfft_radix4_init_f16) refers to commontables.o(.rodata.armBitRevTable) for armBitRevTable
    transformfunctionsf16.o(.ARM.exidx.text.arm_cfft_radix4_init_f16) refers to transformfunctionsf16.o(.text.arm_cfft_radix4_init_f16) for [Anonymous Symbol]
    llsdiv.o(.text) refers to lludivv7m.o(.text) for __aeabi_uldivmod
    rt_memcpy_v6.o(.text) refers to rt_memcpy_w.o(.text) for __aeabi_memcpy4
    rt_memclr.o(.text) refers to rt_memclr_w.o(.text) for _memset_w
    __main.o(!!!main) refers to __rtentry.o(.ARM.Collect$$rtentry$$00000000) for __rt_entry
    d2f.o(x$fpl$d2f) refers (Special) to usenofp.o(x$fpl$usenofp) for __I$use$fp
    d2f.o(x$fpl$d2f) refers to fretinf.o(x$fpl$fretinf) for __fpl_fretinf
    d2f.o(x$fpl$d2f) refers to dnaninf.o(x$fpl$dnaninf) for __fpl_dnaninf
    d2h.o(.text) refers (Special) to usenofp.o(x$fpl$usenofp) for __I$use$fp
    daddsub_clz.o(x$fpl$dadd) refers (Special) to usenofp.o(x$fpl$usenofp) for __I$use$fp
    daddsub_clz.o(x$fpl$dadd) refers to daddsub_clz.o(x$fpl$dsub) for _dsub1
    daddsub_clz.o(x$fpl$dadd) refers to dretinf.o(x$fpl$dretinf) for __fpl_dretinf
    daddsub_clz.o(x$fpl$dadd) refers to dnaninf.o(x$fpl$dnaninf) for __fpl_dnaninf
    daddsub_clz.o(x$fpl$drsb) refers (Special) to usenofp.o(x$fpl$usenofp) for __I$use$fp
    daddsub_clz.o(x$fpl$drsb) refers to daddsub_clz.o(x$fpl$dadd) for _dadd1
    daddsub_clz.o(x$fpl$drsb) refers to daddsub_clz.o(x$fpl$dsub) for _dsub1
    daddsub_clz.o(x$fpl$dsub) refers (Special) to usenofp.o(x$fpl$usenofp) for __I$use$fp
    daddsub_clz.o(x$fpl$dsub) refers to daddsub_clz.o(x$fpl$dadd) for _dadd1
    daddsub_clz.o(x$fpl$dsub) refers to dnaninf.o(x$fpl$dnaninf) for __fpl_dnaninf
    dcmp.o(x$fpl$fcmp) refers (Special) to usenofp.o(x$fpl$usenofp) for __I$use$fp
    dcmp.o(x$fpl$fcmp) refers to deqf.o(x$fpl$deqf) for _dcmpeq
    dcmp.o(x$fpl$fcmp) refers to dgeqf.o(x$fpl$dgeqf) for _dcmpge
    dcmp.o(x$fpl$fcmp) refers to dleqf.o(x$fpl$dleqf) for _dcmple
    ddiv.o(x$fpl$drdiv) refers (Special) to usenofp.o(x$fpl$usenofp) for __I$use$fp
    ddiv.o(x$fpl$drdiv) refers to ddiv.o(x$fpl$ddiv) for ddiv_entry
    ddiv.o(x$fpl$ddiv) refers (Special) to usenofp.o(x$fpl$usenofp) for __I$use$fp
    ddiv.o(x$fpl$ddiv) refers to dretinf.o(x$fpl$dretinf) for __fpl_dretinf
    ddiv.o(x$fpl$ddiv) refers to dnaninf.o(x$fpl$dnaninf) for __fpl_dnaninf
    dfix.o(x$fpl$dfix) refers (Special) to usenofp.o(x$fpl$usenofp) for __I$use$fp
    dfix.o(x$fpl$dfix) refers to dnaninf.o(x$fpl$dnaninf) for __fpl_dnaninf
    dfix.o(x$fpl$dfixr) refers (Special) to usenofp.o(x$fpl$usenofp) for __I$use$fp
    dfix.o(x$fpl$dfixr) refers to dnaninf.o(x$fpl$dnaninf) for __fpl_dnaninf
    dfixll.o(x$fpl$llsfromd) refers (Special) to usenofp.o(x$fpl$usenofp) for __I$use$fp
    dfixll.o(x$fpl$llsfromd) refers to dnaninf.o(x$fpl$dnaninf) for __fpl_dnaninf
    dfixll.o(x$fpl$llsfromdr) refers (Special) to usenofp.o(x$fpl$usenofp) for __I$use$fp
    dfixll.o(x$fpl$llsfromdr) refers to dnaninf.o(x$fpl$dnaninf) for __fpl_dnaninf
    dflt_clz.o(x$fpl$dfltu) refers (Special) to usenofp.o(x$fpl$usenofp) for __I$use$fp
    dflt_clz.o(x$fpl$dflt) refers (Special) to usenofp.o(x$fpl$usenofp) for __I$use$fp
    dflt_clz.o(x$fpl$dfltn) refers (Special) to usenofp.o(x$fpl$usenofp) for __I$use$fp
    dmul.o(x$fpl$dmul) refers (Special) to usenofp.o(x$fpl$usenofp) for __I$use$fp
    dmul.o(x$fpl$dmul) refers to dretinf.o(x$fpl$dretinf) for __fpl_dretinf
    dmul.o(x$fpl$dmul) refers to dnaninf.o(x$fpl$dnaninf) for __fpl_dnaninf
    f2d.o(x$fpl$f2d) refers (Special) to usenofp.o(x$fpl$usenofp) for __I$use$fp
    f2d.o(x$fpl$f2d) refers to fnaninf.o(x$fpl$fnaninf) for __fpl_fnaninf
    f2d.o(x$fpl$f2d) refers to dretinf.o(x$fpl$dretinf) for __fpl_dretinf
    ffixll.o(x$fpl$llsfromf) refers (Special) to usenofp.o(x$fpl$usenofp) for __I$use$fp
    ffixll.o(x$fpl$llsfromf) refers to fnaninf.o(x$fpl$fnaninf) for __fpl_fnaninf
    ffixll.o(x$fpl$llsfromfr) refers (Special) to usenofp.o(x$fpl$usenofp) for __I$use$fp
    ffixll.o(x$fpl$llsfromfr) refers to fnaninf.o(x$fpl$fnaninf) for __fpl_fnaninf
    exp.o(i.__hardfp_exp) refers (Special) to usenofp.o(x$fpl$usenofp) for __I$use$fp
    exp.o(i.__hardfp_exp) refers to dunder.o(i.__mathlib_dbl_infnan) for __mathlib_dbl_infnan
    exp.o(i.__hardfp_exp) refers to drleqf.o(x$fpl$drleqf) for __aeabi_cdrcmple
    exp.o(i.__hardfp_exp) refers to _rserrno.o(.text) for __set_errno
    exp.o(i.__hardfp_exp) refers to dunder.o(i.__mathlib_dbl_overflow) for __mathlib_dbl_overflow
    exp.o(i.__hardfp_exp) refers to dleqf.o(x$fpl$dleqf) for __aeabi_cdcmple
    exp.o(i.__hardfp_exp) refers to dunder.o(i.__mathlib_dbl_underflow) for __mathlib_dbl_underflow
    exp.o(i.__hardfp_exp) refers to daddsub_clz.o(x$fpl$dsub) for __aeabi_dsub
    exp.o(i.__hardfp_exp) refers to dmul.o(x$fpl$dmul) for __aeabi_dmul
    exp.o(i.__hardfp_exp) refers to daddsub_clz.o(x$fpl$dadd) for __aeabi_dadd
    exp.o(i.__hardfp_exp) refers to dfix.o(x$fpl$dfix) for __aeabi_d2iz
    exp.o(i.__hardfp_exp) refers to dflt_clz.o(x$fpl$dflt) for __aeabi_i2d
    exp.o(i.__hardfp_exp) refers to daddsub_clz.o(x$fpl$drsb) for __aeabi_drsub
    exp.o(i.__hardfp_exp) refers to poly.o(i.__kernel_poly) for __kernel_poly
    exp.o(i.__hardfp_exp) refers to ddiv.o(x$fpl$ddiv) for __aeabi_ddiv
    exp.o(i.__hardfp_exp) refers to fpclassify.o(i.__ARM_fpclassify) for __ARM_fpclassify
    exp.o(i.__hardfp_exp) refers to exp.o(.constdata) for .constdata
    exp.o(i.__softfp_exp) refers (Special) to usenofp.o(x$fpl$usenofp) for __I$use$fp
    exp.o(i.__softfp_exp) refers to exp.o(i.__hardfp_exp) for __hardfp_exp
    exp.o(i.exp) refers (Special) to usenofp.o(x$fpl$usenofp) for __I$use$fp
    exp.o(i.exp) refers to exp.o(i.__hardfp_exp) for __hardfp_exp
    exp.o(.constdata) refers (Special) to usenofp.o(x$fpl$usenofp) for __I$use$fp
    expf.o(i.__hardfp_expf) refers (Special) to usenofp.o(x$fpl$usenofp) for __I$use$fp
    expf.o(i.__hardfp_expf) refers to _rserrno.o(.text) for __set_errno
    expf.o(i.__hardfp_expf) refers to funder.o(i.__mathlib_flt_underflow) for __mathlib_flt_underflow
    expf.o(i.__hardfp_expf) refers to funder.o(i.__mathlib_flt_infnan) for __mathlib_flt_infnan
    expf.o(i.__hardfp_expf) refers to funder.o(i.__mathlib_flt_overflow) for __mathlib_flt_overflow
    expf.o(i.__hardfp_expf) refers to fpclassifyf.o(i.__ARM_fpclassifyf) for __ARM_fpclassifyf
    expf.o(i.__hardfp_expf) refers to expf.o(.constdata) for .constdata
    expf.o(i.__softfp_expf) refers (Special) to usenofp.o(x$fpl$usenofp) for __I$use$fp
    expf.o(i.__softfp_expf) refers to expf.o(i.__hardfp_expf) for __hardfp_expf
    expf.o(i.expf) refers (Special) to usenofp.o(x$fpl$usenofp) for __I$use$fp
    expf.o(i.expf) refers to expf.o(i.__hardfp_expf) for __hardfp_expf
    expf.o(.constdata) refers (Special) to usenofp.o(x$fpl$usenofp) for __I$use$fp
    floor.o(i.__hardfp_floor) refers (Special) to usenofp.o(x$fpl$usenofp) for __I$use$fp
    floor.o(i.__hardfp_floor) refers to daddsub_clz.o(x$fpl$dadd) for __aeabi_dadd
    floor.o(i.__hardfp_floor) refers to drleqf.o(x$fpl$drleqf) for __aeabi_cdrcmple
    floor.o(i.__hardfp_floor) refers to daddsub_clz.o(x$fpl$drsb) for __aeabi_drsub
    floor.o(i.__softfp_floor) refers (Special) to usenofp.o(x$fpl$usenofp) for __I$use$fp
    floor.o(i.__softfp_floor) refers to floor.o(i.__hardfp_floor) for __hardfp_floor
    floor.o(i.floor) refers (Special) to usenofp.o(x$fpl$usenofp) for __I$use$fp
    floor.o(i.floor) refers to floor.o(i.__hardfp_floor) for __hardfp_floor
    log.o(i.__hardfp_log) refers (Special) to usenofp.o(x$fpl$usenofp) for __I$use$fp
    log.o(i.__hardfp_log) refers to dunder.o(i.__mathlib_dbl_infnan) for __mathlib_dbl_infnan
    log.o(i.__hardfp_log) refers to _rserrno.o(.text) for __set_errno
    log.o(i.__hardfp_log) refers to dunder.o(i.__mathlib_dbl_invalid) for __mathlib_dbl_invalid
    log.o(i.__hardfp_log) refers to dunder.o(i.__mathlib_dbl_divzero) for __mathlib_dbl_divzero
    log.o(i.__hardfp_log) refers to basic.o(x$fpl$basic) for __aeabi_dneg
    log.o(i.__hardfp_log) refers to dmul.o(x$fpl$dmul) for __aeabi_dmul
    log.o(i.__hardfp_log) refers to daddsub_clz.o(x$fpl$dsub) for __aeabi_dsub
    log.o(i.__hardfp_log) refers to deqf.o(x$fpl$deqf) for __aeabi_cdcmpeq
    log.o(i.__hardfp_log) refers to dflt_clz.o(x$fpl$dflt) for __aeabi_i2d
    log.o(i.__hardfp_log) refers to daddsub_clz.o(x$fpl$dadd) for __aeabi_dadd
    log.o(i.__hardfp_log) refers to daddsub_clz.o(x$fpl$drsb) for __aeabi_drsub
    log.o(i.__hardfp_log) refers to ddiv.o(x$fpl$ddiv) for __aeabi_ddiv
    log.o(i.__hardfp_log) refers to poly.o(i.__kernel_poly) for __kernel_poly
    log.o(i.__hardfp_log) refers to qnan.o(.constdata) for __mathlib_zero
    log.o(i.__hardfp_log) refers to log.o(.constdata) for .constdata
    log.o(i.__softfp_log) refers (Special) to usenofp.o(x$fpl$usenofp) for __I$use$fp
    log.o(i.__softfp_log) refers to log.o(i.__hardfp_log) for __hardfp_log
    log.o(i.log) refers (Special) to usenofp.o(x$fpl$usenofp) for __I$use$fp
    log.o(i.log) refers to log.o(i.__hardfp_log) for __hardfp_log
    log.o(.constdata) refers (Special) to usenofp.o(x$fpl$usenofp) for __I$use$fp
    logf.o(i.__hardfp_logf) refers (Special) to usenofp.o(x$fpl$usenofp) for __I$use$fp
    logf.o(i.__hardfp_logf) refers to funder.o(i.__mathlib_flt_infnan) for __mathlib_flt_infnan
    logf.o(i.__hardfp_logf) refers to _rserrno.o(.text) for __set_errno
    logf.o(i.__hardfp_logf) refers to funder.o(i.__mathlib_flt_invalid) for __mathlib_flt_invalid
    logf.o(i.__hardfp_logf) refers to funder.o(i.__mathlib_flt_divzero) for __mathlib_flt_divzero
    logf.o(i.__hardfp_logf) refers to logf.o(.constdata) for .constdata
    logf.o(i.__softfp_logf) refers (Special) to usenofp.o(x$fpl$usenofp) for __I$use$fp
    logf.o(i.__softfp_logf) refers to logf.o(i.__hardfp_logf) for __hardfp_logf
    logf.o(i.logf) refers (Special) to usenofp.o(x$fpl$usenofp) for __I$use$fp
    logf.o(i.logf) refers to logf.o(i.__hardfp_logf) for __hardfp_logf
    logf.o(.constdata) refers (Special) to usenofp.o(x$fpl$usenofp) for __I$use$fp
    powf.o(i.__hardfp_powf) refers (Special) to usenofp.o(x$fpl$usenofp) for __I$use$fp
    powf.o(i.__hardfp_powf) refers to _rserrno.o(.text) for __set_errno
    powf.o(i.__hardfp_powf) refers to funder.o(i.__mathlib_flt_overflow) for __mathlib_flt_overflow
    powf.o(i.__hardfp_powf) refers to fpclassifyf.o(i.__ARM_fpclassifyf) for __ARM_fpclassifyf
    powf.o(i.__hardfp_powf) refers to funder.o(i.__mathlib_flt_underflow) for __mathlib_flt_underflow
    powf.o(i.__hardfp_powf) refers to funder.o(i.__mathlib_flt_invalid) for __mathlib_flt_invalid
    powf.o(i.__hardfp_powf) refers to powf.o(.constdata) for .constdata
    powf.o(i.__hardfp_powf) refers to funder.o(i.__mathlib_flt_infnan2) for __mathlib_flt_infnan2
    powf.o(i.__hardfp_powf) refers to funder.o(i.__mathlib_flt_divzero) for __mathlib_flt_divzero
    powf.o(i.__softfp_powf) refers (Special) to usenofp.o(x$fpl$usenofp) for __I$use$fp
    powf.o(i.__softfp_powf) refers to powf.o(i.__hardfp_powf) for __hardfp_powf
    powf.o(i.powf) refers (Special) to usenofp.o(x$fpl$usenofp) for __I$use$fp
    powf.o(i.powf) refers to powf.o(i.__hardfp_powf) for __hardfp_powf
    powf.o(.constdata) refers (Special) to usenofp.o(x$fpl$usenofp) for __I$use$fp
    sqrt.o(i.__hardfp_sqrt) refers (Special) to usenofp.o(x$fpl$usenofp) for __I$use$fp
    sqrt.o(i.__hardfp_sqrt) refers to dsqrt_umaal.o(x$fpl$dsqrt) for _dsqrt
    sqrt.o(i.__hardfp_sqrt) refers to _rserrno.o(.text) for __set_errno
    sqrt.o(i.__softfp_sqrt) refers (Special) to usenofp.o(x$fpl$usenofp) for __I$use$fp
    sqrt.o(i.__softfp_sqrt) refers to dsqrt_umaal.o(x$fpl$dsqrt) for _dsqrt
    sqrt.o(i.__softfp_sqrt) refers to _rserrno.o(.text) for __set_errno
    sqrt.o(i.sqrt) refers (Special) to usenofp.o(x$fpl$usenofp) for __I$use$fp
    sqrt.o(i.sqrt) refers to dsqrt_umaal.o(x$fpl$dsqrt) for _dsqrt
    sqrt.o(i.sqrt) refers to _rserrno.o(.text) for __set_errno
    sqrtf.o(i.__hardfp_sqrtf) refers (Special) to usenofp.o(x$fpl$usenofp) for __I$use$fp
    sqrtf.o(i.__hardfp_sqrtf) refers to _rserrno.o(.text) for __set_errno
    sqrtf.o(i.__softfp_sqrtf) refers (Special) to usenofp.o(x$fpl$usenofp) for __I$use$fp
    sqrtf.o(i.__softfp_sqrtf) refers to _rserrno.o(.text) for __set_errno
    sqrtf.o(i.sqrtf) refers (Special) to usenofp.o(x$fpl$usenofp) for __I$use$fp
    sqrtf.o(i.sqrtf) refers to _rserrno.o(.text) for __set_errno
    tanhf.o(i.__hardfp_tanhf) refers (Special) to usenofp.o(x$fpl$usenofp) for __I$use$fp
    tanhf.o(i.__hardfp_tanhf) refers to expf.o(i.__hardfp_expf) for __hardfp_expf
    tanhf.o(i.__hardfp_tanhf) refers to fpclassifyf.o(i.__ARM_fpclassifyf) for __ARM_fpclassifyf
    tanhf.o(i.__hardfp_tanhf) refers to funder.o(i.__mathlib_flt_underflow) for __mathlib_flt_underflow
    tanhf.o(i.__hardfp_tanhf) refers to funder.o(i.__mathlib_flt_infnan) for __mathlib_flt_infnan
    tanhf.o(i.__softfp_tanhf) refers (Special) to usenofp.o(x$fpl$usenofp) for __I$use$fp
    tanhf.o(i.__softfp_tanhf) refers to tanhf.o(i.__hardfp_tanhf) for __hardfp_tanhf
    tanhf.o(i.tanhf) refers (Special) to usenofp.o(x$fpl$usenofp) for __I$use$fp
    tanhf.o(i.tanhf) refers to tanhf.o(i.__hardfp_tanhf) for __hardfp_tanhf
    __rtentry.o(.ARM.Collect$$rtentry$$00000000) refers (Special) to __rtentry2.o(.ARM.Collect$$rtentry$$0000000A) for __rt_entry_li
    __rtentry.o(.ARM.Collect$$rtentry$$00000000) refers (Special) to __rtentry2.o(.ARM.Collect$$rtentry$$0000000D) for __rt_entry_main
    __rtentry.o(.ARM.Collect$$rtentry$$00000000) refers (Special) to __rtentry2.o(.ARM.Collect$$rtentry$$0000000C) for __rt_entry_postli_1
    __rtentry.o(.ARM.Collect$$rtentry$$00000000) refers (Special) to __rtentry2.o(.ARM.Collect$$rtentry$$00000009) for __rt_entry_postsh_1
    __rtentry.o(.ARM.Collect$$rtentry$$00000000) refers (Special) to __rtentry2.o(.ARM.Collect$$rtentry$$00000002) for __rt_entry_presh_1
    __rtentry.o(.ARM.Collect$$rtentry$$00000000) refers (Special) to __rtentry4.o(.ARM.Collect$$rtentry$$00000004) for __rt_entry_sh
    aeabi_ldiv0_sigfpe.o(.text) refers to rt_div0.o(.text) for __rt_div0
    _rserrno.o(.text) refers to rt_errno_addr_intlibspace.o(.text) for __aeabi_errno_addr
    basic.o(x$fpl$basic) refers (Special) to usenofp.o(x$fpl$usenofp) for __I$use$fp
    deqf.o(x$fpl$deqf) refers (Special) to usenofp.o(x$fpl$usenofp) for __I$use$fp
    deqf.o(x$fpl$deqf) refers to dnaninf.o(x$fpl$dnaninf) for __fpl_dnaninf
    deqf.o(x$fpl$deqf) refers to dcmpi.o(x$fpl$dcmpinf) for __fpl_dcmp_Inf
    dgeqf.o(x$fpl$dgeqf) refers (Special) to usenofp.o(x$fpl$usenofp) for __I$use$fp
    dgeqf.o(x$fpl$dgeqf) refers to dnaninf.o(x$fpl$dnaninf) for __fpl_dnaninf
    dgeqf.o(x$fpl$dgeqf) refers to dcmpi.o(x$fpl$dcmpinf) for __fpl_dcmp_Inf
    dleqf.o(x$fpl$dleqf) refers (Special) to usenofp.o(x$fpl$usenofp) for __I$use$fp
    dleqf.o(x$fpl$dleqf) refers to dnaninf.o(x$fpl$dnaninf) for __fpl_dnaninf
    dleqf.o(x$fpl$dleqf) refers to dcmpi.o(x$fpl$dcmpinf) for __fpl_dcmp_Inf
    dnaninf.o(x$fpl$dnaninf) refers (Special) to usenofp.o(x$fpl$usenofp) for __I$use$fp
    dretinf.o(x$fpl$dretinf) refers (Special) to usenofp.o(x$fpl$usenofp) for __I$use$fp
    drleqf.o(x$fpl$drleqf) refers (Special) to usenofp.o(x$fpl$usenofp) for __I$use$fp
    drleqf.o(x$fpl$drleqf) refers to dleqf.o(x$fpl$dleqf) for __fpl_dcmple_InfNaN
    dsqrt_umaal.o(x$fpl$dsqrt) refers (Special) to usenofp.o(x$fpl$usenofp) for __I$use$fp
    dsqrt_umaal.o(x$fpl$dsqrt) refers to dnaninf.o(x$fpl$dnaninf) for __fpl_dnaninf
    fnaninf.o(x$fpl$fnaninf) refers (Special) to usenofp.o(x$fpl$usenofp) for __I$use$fp
    fretinf.o(x$fpl$fretinf) refers (Special) to usenofp.o(x$fpl$usenofp) for __I$use$fp
    istatus.o(x$fpl$ieeestatus) refers (Special) to usenofp.o(x$fpl$usenofp) for __I$use$fp
    dunder.o(i.__mathlib_dbl_divzero) refers to ddiv.o(x$fpl$ddiv) for __aeabi_ddiv
    dunder.o(i.__mathlib_dbl_infnan) refers to daddsub_clz.o(x$fpl$dadd) for __aeabi_dadd
    dunder.o(i.__mathlib_dbl_infnan2) refers to daddsub_clz.o(x$fpl$dadd) for __aeabi_dadd
    dunder.o(i.__mathlib_dbl_invalid) refers to ddiv.o(x$fpl$ddiv) for __aeabi_ddiv
    dunder.o(i.__mathlib_dbl_overflow) refers to dmul.o(x$fpl$dmul) for __aeabi_dmul
    dunder.o(i.__mathlib_dbl_posinfnan) refers to dmul.o(x$fpl$dmul) for __aeabi_dmul
    dunder.o(i.__mathlib_dbl_underflow) refers to dmul.o(x$fpl$dmul) for __aeabi_dmul
    fpclassify.o(i.__ARM_fpclassify) refers (Special) to usenofp.o(x$fpl$usenofp) for __I$use$fp
    fpclassifyf.o(i.__ARM_fpclassifyf) refers (Special) to usenofp.o(x$fpl$usenofp) for __I$use$fp
    poly.o(i.__kernel_poly) refers (Special) to usenofp.o(x$fpl$usenofp) for __I$use$fp
    poly.o(i.__kernel_poly) refers to dmul.o(x$fpl$dmul) for __aeabi_dmul
    poly.o(i.__kernel_poly) refers to daddsub_clz.o(x$fpl$dadd) for __aeabi_dadd
    qnan.o(.constdata) refers (Special) to usenofp.o(x$fpl$usenofp) for __I$use$fp
    __rtentry2.o(.ARM.Collect$$rtentry$$00000008) refers to boardinit2.o(.text) for _platform_post_stackheap_init
    __rtentry2.o(.ARM.Collect$$rtentry$$0000000A) refers to libinit.o(.ARM.Collect$$libinit$$00000000) for __rt_lib_init
    __rtentry2.o(.ARM.Collect$$rtentry$$0000000B) refers to boardinit3.o(.text) for _platform_post_lib_init
    __rtentry2.o(.ARM.Collect$$rtentry$$0000000D) refers to main.o(.text.main) for main
    __rtentry2.o(.ARM.Collect$$rtentry$$0000000D) refers to exit.o(.text) for exit
    __rtentry2.o(.ARM.exidx) refers to __rtentry2.o(.ARM.Collect$$rtentry$$00000001) for .ARM.Collect$$rtentry$$00000001
    __rtentry2.o(.ARM.exidx) refers to __rtentry2.o(.ARM.Collect$$rtentry$$00000008) for .ARM.Collect$$rtentry$$00000008
    __rtentry2.o(.ARM.exidx) refers to __rtentry2.o(.ARM.Collect$$rtentry$$0000000A) for .ARM.Collect$$rtentry$$0000000A
    __rtentry2.o(.ARM.exidx) refers to __rtentry2.o(.ARM.Collect$$rtentry$$0000000B) for .ARM.Collect$$rtentry$$0000000B
    __rtentry2.o(.ARM.exidx) refers to __rtentry2.o(.ARM.Collect$$rtentry$$0000000D) for .ARM.Collect$$rtentry$$0000000D
    __rtentry4.o(.ARM.Collect$$rtentry$$00000004) refers to sys_stackheap_outer.o(.text) for __user_setup_stackheap
    __rtentry4.o(.ARM.exidx) refers to __rtentry4.o(.ARM.Collect$$rtentry$$00000004) for .ARM.Collect$$rtentry$$00000004
    rt_div0.o(.text) refers to defsig_fpe_outer.o(.text) for __rt_SIGFPE
    rt_errno_addr.o(.text) refers to rt_errno_addr.o(.bss) for __aeabi_errno_addr_data
    rt_errno_addr_intlibspace.o(.text) refers to libspace.o(.bss) for __libspace_start
    dcmpi.o(x$fpl$dcmpinf) refers (Special) to usenofp.o(x$fpl$usenofp) for __I$use$fp
    libspace.o(.text) refers to libspace.o(.bss) for __libspace_start
    sys_stackheap_outer.o(.text) refers to libspace.o(.text) for __user_perproc_libspace
    sys_stackheap_outer.o(.text) refers to sys_stackheap.o(.text) for __user_initial_stackheap
    exit.o(.text) refers to rtexit.o(.ARM.Collect$$rtexit$$00000000) for __rt_exit
    defsig_fpe_outer.o(.text) refers to defsig_fpe_inner.o(.text) for __rt_SIGFPE_inner
    defsig_fpe_outer.o(.text) refers to defsig_exit.o(.text) for __sig_exit
    defsig_fpe_formal.o(.text) refers to rt_raise.o(.text) for __rt_raise
    libinit.o(.ARM.Collect$$libinit$$00000000) refers (Special) to libinit2.o(.ARM.Collect$$libinit$$00000030) for __rt_lib_init_alloca_1
    libinit.o(.ARM.Collect$$libinit$$00000000) refers (Special) to libinit2.o(.ARM.Collect$$libinit$$0000002E) for __rt_lib_init_argv_1
    libinit.o(.ARM.Collect$$libinit$$00000000) refers (Special) to libinit2.o(.ARM.Collect$$libinit$$0000001D) for __rt_lib_init_atexit_1
    libinit.o(.ARM.Collect$$libinit$$00000000) refers (Special) to libinit2.o(.ARM.Collect$$libinit$$00000023) for __rt_lib_init_clock_1
    libinit.o(.ARM.Collect$$libinit$$00000000) refers (Special) to libinit2.o(.ARM.Collect$$libinit$$00000034) for __rt_lib_init_cpp_1
    libinit.o(.ARM.Collect$$libinit$$00000000) refers (Special) to libinit2.o(.ARM.Collect$$libinit$$00000032) for __rt_lib_init_exceptions_1
    libinit.o(.ARM.Collect$$libinit$$00000000) refers (Special) to libinit2.o(.ARM.Collect$$libinit$$00000001) for __rt_lib_init_fp_1
    libinit.o(.ARM.Collect$$libinit$$00000000) refers (Special) to libinit2.o(.ARM.Collect$$libinit$$00000021) for __rt_lib_init_fp_trap_1
    libinit.o(.ARM.Collect$$libinit$$00000000) refers (Special) to libinit2.o(.ARM.Collect$$libinit$$00000025) for __rt_lib_init_getenv_1
    libinit.o(.ARM.Collect$$libinit$$00000000) refers (Special) to libinit2.o(.ARM.Collect$$libinit$$0000000C) for __rt_lib_init_heap_1
    libinit.o(.ARM.Collect$$libinit$$00000000) refers (Special) to libinit2.o(.ARM.Collect$$libinit$$00000013) for __rt_lib_init_lc_collate_1
    libinit.o(.ARM.Collect$$libinit$$00000000) refers (Special) to libinit2.o(.ARM.Collect$$libinit$$00000015) for __rt_lib_init_lc_ctype_1
    libinit.o(.ARM.Collect$$libinit$$00000000) refers (Special) to libinit2.o(.ARM.Collect$$libinit$$00000017) for __rt_lib_init_lc_monetary_1
    libinit.o(.ARM.Collect$$libinit$$00000000) refers (Special) to libinit2.o(.ARM.Collect$$libinit$$00000019) for __rt_lib_init_lc_numeric_1
    libinit.o(.ARM.Collect$$libinit$$00000000) refers (Special) to libinit2.o(.ARM.Collect$$libinit$$0000001B) for __rt_lib_init_lc_time_1
    libinit.o(.ARM.Collect$$libinit$$00000000) refers (Special) to libinit2.o(.ARM.Collect$$libinit$$00000006) for __rt_lib_init_preinit_1
    libinit.o(.ARM.Collect$$libinit$$00000000) refers (Special) to libinit2.o(.ARM.Collect$$libinit$$00000010) for __rt_lib_init_rand_1
    libinit.o(.ARM.Collect$$libinit$$00000000) refers (Special) to libinit2.o(.ARM.Collect$$libinit$$00000004) for __rt_lib_init_relocate_pie_1
    libinit.o(.ARM.Collect$$libinit$$00000000) refers (Special) to libinit2.o(.ARM.Collect$$libinit$$00000035) for __rt_lib_init_return
    libinit.o(.ARM.Collect$$libinit$$00000000) refers (Special) to libinit2.o(.ARM.Collect$$libinit$$0000001F) for __rt_lib_init_signal_1
    libinit.o(.ARM.Collect$$libinit$$00000000) refers (Special) to libinit2.o(.ARM.Collect$$libinit$$00000027) for __rt_lib_init_stdio_1
    libinit.o(.ARM.Collect$$libinit$$00000000) refers (Special) to libinit2.o(.ARM.Collect$$libinit$$0000000E) for __rt_lib_init_user_alloc_1
    sys_stackheap.o(.text) refers (Special) to indicate_semi.o(.text) for __semihosting_library_function
    sys_stackheap.o(.text) refers to use_no_semi.o(.text) for __I$use$semihosting
    sys_stackheap_hlt.o(.text) refers (Special) to indicate_semi.o(.text) for __semihosting_library_function
    sys_stackheap_hlt.o(.text) refers to use_no_semi.o(.text) for __I$use$semihosting
    rtexit.o(.ARM.Collect$$rtexit$$00000000) refers (Special) to rtexit2.o(.ARM.Collect$$rtexit$$00000004) for __rt_exit_exit
    rtexit.o(.ARM.Collect$$rtexit$$00000000) refers (Special) to rtexit2.o(.ARM.Collect$$rtexit$$00000003) for __rt_exit_ls
    rtexit.o(.ARM.Collect$$rtexit$$00000000) refers (Special) to rtexit2.o(.ARM.Collect$$rtexit$$00000002) for __rt_exit_prels_1
    rtexit.o(.ARM.exidx) refers (Special) to rtexit2.o(.ARM.Collect$$rtexit$$00000004) for __rt_exit_exit
    rtexit.o(.ARM.exidx) refers (Special) to rtexit2.o(.ARM.Collect$$rtexit$$00000003) for __rt_exit_ls
    rtexit.o(.ARM.exidx) refers (Special) to rtexit2.o(.ARM.Collect$$rtexit$$00000002) for __rt_exit_prels_1
    rtexit.o(.ARM.exidx) refers to rtexit.o(.ARM.Collect$$rtexit$$00000000) for .ARM.Collect$$rtexit$$00000000
    rt_raise.o(.text) refers to __raise.o(.text) for __raise
    rt_raise.o(.text) refers to sys_exit.o(.text) for _sys_exit
    defsig_exit.o(.text) refers to sys_exit.o(.text) for _sys_exit
    defsig_fpe_inner.o(.text) refers to defsig_general.o(.text) for __default_signal_display
    libinit2.o(.ARM.Collect$$libinit$$00000001) refers to fpinit.o(x$fpl$fpinit) for _fp_init
    libinit2.o(.ARM.Collect$$libinit$$00000012) refers to libinit2.o(.ARM.Collect$$libinit$$00000011) for .ARM.Collect$$libinit$$00000011
    libinit2.o(.ARM.Collect$$libinit$$00000014) refers to libinit2.o(.ARM.Collect$$libinit$$00000011) for .ARM.Collect$$libinit$$00000011
    libinit2.o(.ARM.Collect$$libinit$$00000016) refers to libinit2.o(.ARM.Collect$$libinit$$00000011) for .ARM.Collect$$libinit$$00000011
    libinit2.o(.ARM.Collect$$libinit$$00000018) refers to libinit2.o(.ARM.Collect$$libinit$$00000011) for .ARM.Collect$$libinit$$00000011
    libinit2.o(.ARM.Collect$$libinit$$0000001A) refers to libinit2.o(.ARM.Collect$$libinit$$00000011) for .ARM.Collect$$libinit$$00000011
    libinit2.o(.ARM.Collect$$libinit$$00000028) refers to argv_veneer.o(.emb_text) for __ARM_argv_veneer
    libinit2.o(.ARM.Collect$$libinit$$00000029) refers to argv_veneer.o(.emb_text) for __ARM_argv_veneer
    sys_exit.o(.text) refers (Special) to use_no_semi.o(.text) for __I$use$semihosting
    sys_exit.o(.text) refers (Special) to indicate_semi.o(.text) for __semihosting_library_function
    sys_exit_hlt.o(.text) refers (Special) to use_no_semi.o(.text) for __I$use$semihosting
    sys_exit_hlt.o(.text) refers (Special) to indicate_semi.o(.text) for __semihosting_library_function
    rtexit2.o(.ARM.Collect$$rtexit$$00000003) refers to libshutdown.o(.ARM.Collect$$libshutdown$$00000000) for __rt_lib_shutdown
    rtexit2.o(.ARM.Collect$$rtexit$$00000004) refers to sys_exit.o(.text) for _sys_exit
    rtexit2.o(.ARM.exidx) refers to rtexit2.o(.ARM.Collect$$rtexit$$00000001) for .ARM.Collect$$rtexit$$00000001
    rtexit2.o(.ARM.exidx) refers to rtexit2.o(.ARM.Collect$$rtexit$$00000003) for .ARM.Collect$$rtexit$$00000003
    rtexit2.o(.ARM.exidx) refers to rtexit2.o(.ARM.Collect$$rtexit$$00000004) for .ARM.Collect$$rtexit$$00000004
    __raise.o(.text) refers to defsig.o(CL$$defsig) for __default_signal_handler
    defsig_general.o(.text) refers to sys_wrch.o(.text) for _ttywrch
    argv_veneer.o(.emb_text) refers to no_argv.o(.text) for __ARM_get_argv
    sys_wrch.o(.text) refers (Special) to use_no_semi.o(.text) for __I$use$semihosting
    sys_wrch.o(.text) refers (Special) to indicate_semi.o(.text) for __semihosting_library_function
    sys_wrch_hlt.o(.text) refers (Special) to use_no_semi.o(.text) for __I$use$semihosting
    sys_wrch_hlt.o(.text) refers (Special) to indicate_semi.o(.text) for __semihosting_library_function
    defsig.o(CL$$defsig) refers to defsig_fpe_inner.o(.text) for __rt_SIGFPE_inner
    defsig.o(CL$$defsig) refers to defsig_rtmem_inner.o(.text) for __rt_SIGRTMEM_inner
    _get_argv_nomalloc.o(.text) refers (Special) to hrguard.o(.text) for __heap_region$guard
    _get_argv_nomalloc.o(.text) refers to defsig_rtmem_outer.o(.text) for __rt_SIGRTMEM
    _get_argv_nomalloc.o(.text) refers to sys_command.o(.text) for _sys_command_string
    libshutdown.o(.ARM.Collect$$libshutdown$$00000000) refers (Special) to libshutdown2.o(.ARM.Collect$$libshutdown$$00000002) for __rt_lib_shutdown_cpp_1
    libshutdown.o(.ARM.Collect$$libshutdown$$00000000) refers (Special) to libshutdown2.o(.ARM.Collect$$libshutdown$$00000007) for __rt_lib_shutdown_fp_trap_1
    libshutdown.o(.ARM.Collect$$libshutdown$$00000000) refers (Special) to libshutdown2.o(.ARM.Collect$$libshutdown$$0000000F) for __rt_lib_shutdown_heap_1
    libshutdown.o(.ARM.Collect$$libshutdown$$00000000) refers (Special) to libshutdown2.o(.ARM.Collect$$libshutdown$$00000010) for __rt_lib_shutdown_return
    libshutdown.o(.ARM.Collect$$libshutdown$$00000000) refers (Special) to libshutdown2.o(.ARM.Collect$$libshutdown$$0000000A) for __rt_lib_shutdown_signal_1
    libshutdown.o(.ARM.Collect$$libshutdown$$00000000) refers (Special) to libshutdown2.o(.ARM.Collect$$libshutdown$$00000004) for __rt_lib_shutdown_stdio_1
    libshutdown.o(.ARM.Collect$$libshutdown$$00000000) refers (Special) to libshutdown2.o(.ARM.Collect$$libshutdown$$0000000C) for __rt_lib_shutdown_user_alloc_1
    sys_command.o(.text) refers (Special) to use_no_semi.o(.text) for __I$use$semihosting
    sys_command.o(.text) refers (Special) to indicate_semi.o(.text) for __semihosting_library_function
    sys_command_hlt.o(.text) refers (Special) to use_no_semi.o(.text) for __I$use$semihosting
    sys_command_hlt.o(.text) refers (Special) to indicate_semi.o(.text) for __semihosting_library_function
    defsig_abrt_inner.o(.text) refers to defsig_general.o(.text) for __default_signal_display
    defsig_rtred_inner.o(.text) refers to defsig_general.o(.text) for __default_signal_display
    defsig_rtmem_inner.o(.text) refers to defsig_general.o(.text) for __default_signal_display
    defsig_rtmem_outer.o(.text) refers to defsig_rtmem_inner.o(.text) for __rt_SIGRTMEM_inner
    defsig_rtmem_outer.o(.text) refers to defsig_exit.o(.text) for __sig_exit
    defsig_rtmem_formal.o(.text) refers to rt_raise.o(.text) for __rt_raise
    defsig_stak_inner.o(.text) refers to defsig_general.o(.text) for __default_signal_display
    defsig_pvfn_inner.o(.text) refers to defsig_general.o(.text) for __default_signal_display
    defsig_cppl_inner.o(.text) refers to defsig_general.o(.text) for __default_signal_display
    defsig_segv_inner.o(.text) refers to defsig_general.o(.text) for __default_signal_display
    defsig_other.o(.text) refers to defsig_general.o(.text) for __default_signal_display

